<html>
<body>
<pre>
<h1>µVision Build Log</h1>
<h2>Tool Versions:</h2>
IDE-Version: ¦ÌVision V5.23.0.0
Copyright (C) 2017 ARM Ltd and ARM Germany GmbH. All rights reserved.
License Information: wang q5054, gench, LIC=4ZLX7-EX5IU-HQZ0I-TQ35N-MI3F5-DY5TW
 
Tool Versions:
Toolchain:       MDK-ARM Professional  Version: 5.23
Toolchain Path:  G:\KEIL5\ARM\ARMCC\Bin
C Compiler:      Armcc.exe V5.06 update 4 (build 422)
Assembler:       Armasm.exe V5.06 update 4 (build 422)
Linker/Locator:  ArmLink.exe V5.06 update 4 (build 422)
Library Manager: ArmAr.exe V5.06 update 4 (build 422)
Hex Converter:   FromElf.exe V5.06 update 4 (build 422)
CPU DLL:         SARMCM3.DLL V5.23
Dialog DLL:      DCM.DLL V1.15.0.0
Target DLL:      CMSIS_AGDI.dll V1.27.5.0
Dialog DLL:      TCM.DLL V1.27.0.0
 
<h2>Project:</h2>
W:\GitHub\NoobFly\NoobFly.uvprojx
Project File Date:  07/21/2017

<h2>Output:</h2>
*** Using Compiler 'V5.06 update 4 (build 422)', folder: 'G:\KEIL5\ARM\ARMCC\Bin'
Build target 'Project'
compiling motion.c...
.\Math\MathType.h(18): warning:  #1-D: last line of file ends without a newline
  #endif
.\App\MotionType.h(30): warning:  #1-D: last line of file ends without a newline
  #endif
.\Math\mMATH.h(30): warning:  #1-D: last line of file ends without a newline
  #endif
App\motion.h(18): warning:  #1-D: last line of file ends without a newline
  #endif
.\App\os.h(27): warning:  #1295-D: Deprecated declaration tim_1ms - give arg types
  void tim_1ms();
.\App\os.h(28): warning:  #1295-D: Deprecated declaration os_start - give arg types
  void os_start();
.\App\os.h(33): warning:  #1295-D: Deprecated declaration os_run - give arg types
  void os_run();
App\motion.c(9): warning:  #177-D: variable "i"  was declared but never referenced
  	 unsigned char i;
App\motion.c(69): warning:  #177-D: variable "i"  was declared but never referenced
  	 int i;
App\motion.c: 9 warnings, 0 errors
compiling main.c...
App\os.h(27): warning:  #1295-D: Deprecated declaration tim_1ms - give arg types
  void tim_1ms();
App\os.h(28): warning:  #1295-D: Deprecated declaration os_start - give arg types
  void os_start();
App\os.h(33): warning:  #1295-D: Deprecated declaration os_run - give arg types
  void os_run();
.\Math\MathType.h(18): warning:  #1-D: last line of file ends without a newline
  #endif
.\App\MotionType.h(30): warning:  #1-D: last line of file ends without a newline
  #endif
.\Math\mMATH.h(30): warning:  #1-D: last line of file ends without a newline
  #endif
App\motion.h(18): warning:  #1-D: last line of file ends without a newline
  #endif
App\main.c: 7 warnings, 0 errors
linking...
Program Size: Code=15112 RO-data=2584 RW-data=80 ZI-data=1944  
FromELF: creating hex file...
".\Objects\ExecutableFile.axf" - 0 Error(s), 16 Warning(s).

<h2>Collection of Component include folders:</h2>
  .\RTE\_Project
  G:\KEIL5\ARM\PACK\Keil\STM32F4xx_DFP\2.11.0\Drivers\CMSIS\Device\ST\STM32F4xx\Include

<h2>Collection of Component Files used:</h2>
Build Time Elapsed:  00:00:02
</pre>
</body>
</html>
