<html>
<body>
<pre>
<h1>µVision Build Log</h1>
<h2>Tool Versions:</h2>
IDE-Version: ¦ÌVision V5.15
Copyright (C) 2015 ARM Ltd and ARM Germany GmbH. All rights reserved.
License Information: wang q5054, gench, LIC=4ZLX7-EX5IU-HQZ0I-TQ35N-MI3F5-DY5TW
 
Tool Versions:
Toolchain:       MDK-ARM Professional  Version: 5.15.0
Toolchain Path:  G:\KEIL5\ARM\ARMCC\Bin
C Compiler:      Armcc.exe V5.05 update 2 (build 169)
Assembler:       Armasm.exe V5.05 update 2 (build 169)
Linker/Locator:  ArmLink.exe V5.05 update 2 (build 169)
Library Manager: ArmAr.exe V5.05 update 2 (build 169)
Hex Converter:   FromElf.exe V5.05 update 2 (build 169)
CPU DLL:         SARMCM3.DLL V5.15.0
Dialog DLL:      DCM.DLL V1.13.2.0
Target DLL:      CMSIS_AGDI.dll V1.21.12.0
Dialog DLL:      TCM.DLL V1.14.5.0
 
<h2>Project:</h2>
W:\GitHub\NoobFly\NoobFly.uvprojx
Project File Date:  07/14/2017

<h2>Output:</h2>
*** Using Compiler 'V5.05 update 2 (build 169)', folder: 'G:\KEIL5\ARM\ARMCC\Bin'
Build target 'Project'
compiling main.c...
App\os.h(26): warning:  #1295-D: Deprecated declaration tim_1ms - give arg types
  void tim_1ms();
App\os.h(27): warning:  #1295-D: Deprecated declaration os_start - give arg types
  void os_start();
App\os.h(32): warning:  #1295-D: Deprecated declaration os_run - give arg types
  void os_run();
App\main.c: 3 warnings, 0 errors
linking...
Program Size: Code=8304 RO-data=424 RW-data=44 ZI-data=1212  
FromELF: creating hex file...
".\Objects\ExecutableFile.axf" - 0 Error(s), 3 Warning(s).

<h2>Collection of Component include folders:</h2>
  W:\GitHub\NoobFly\RTE
  G:\KEIL5\ARM\PACK\Keil\STM32F4xx_DFP\2.11.0\Drivers\CMSIS\Device\ST\STM32F4xx\Include

<h2>Collection of Component Files used:</h2>
</pre>
</body>
</html>
