Component: ARM Compiler 5.06 update 4 (build 422) Tool: armlink [4d35d2]

==============================================================================

Section Cross References

    startup_stm32f40_41xxx.o(RESET) refers to startup_stm32f40_41xxx.o(STACK) for __initial_sp
    startup_stm32f40_41xxx.o(RESET) refers to startup_stm32f40_41xxx.o(.text) for Reset_Handler
    startup_stm32f40_41xxx.o(RESET) refers to stm32f4xx_it.o(i.NMI_Handler) for NMI_Handler
    startup_stm32f40_41xxx.o(RESET) refers to stm32f4xx_it.o(i.HardFault_Handler) for HardFault_Handler
    startup_stm32f40_41xxx.o(RESET) refers to stm32f4xx_it.o(i.MemManage_Handler) for MemManage_Handler
    startup_stm32f40_41xxx.o(RESET) refers to stm32f4xx_it.o(i.BusFault_Handler) for BusFault_Handler
    startup_stm32f40_41xxx.o(RESET) refers to stm32f4xx_it.o(i.UsageFault_Handler) for UsageFault_Handler
    startup_stm32f40_41xxx.o(RESET) refers to stm32f4xx_it.o(i.SVC_Handler) for SVC_Handler
    startup_stm32f40_41xxx.o(RESET) refers to stm32f4xx_it.o(i.DebugMon_Handler) for DebugMon_Handler
    startup_stm32f40_41xxx.o(RESET) refers to stm32f4xx_it.o(i.PendSV_Handler) for PendSV_Handler
    startup_stm32f40_41xxx.o(RESET) refers to stm32f4xx_it.o(i.SysTick_Handler) for SysTick_Handler
    startup_stm32f40_41xxx.o(RESET) refers to stm32f4xx_it.o(i.TIM2_IRQHandler) for TIM2_IRQHandler
    startup_stm32f40_41xxx.o(RESET) refers to stm32f4xx_it.o(i.USART1_IRQHandler) for USART1_IRQHandler
    startup_stm32f40_41xxx.o(.text) refers to system_stm32f4xx.o(i.SystemInit) for SystemInit
    startup_stm32f40_41xxx.o(.text) refers to entry.o(.ARM.Collect$$$$00000000) for __main
    stm32f4xx_adc.o(i.ADC_DeInit) refers to stm32f4xx_rcc.o(i.RCC_APB2PeriphResetCmd) for RCC_APB2PeriphResetCmd
    stm32f4xx_can.o(i.CAN_DeInit) refers to stm32f4xx_rcc.o(i.RCC_APB1PeriphResetCmd) for RCC_APB1PeriphResetCmd
    stm32f4xx_can.o(i.CAN_GetITStatus) refers to stm32f4xx_can.o(i.CheckITStatus) for CheckITStatus
    stm32f4xx_dac.o(i.DAC_DeInit) refers to stm32f4xx_rcc.o(i.RCC_APB1PeriphResetCmd) for RCC_APB1PeriphResetCmd
    stm32f4xx_flash.o(i.FLASH_EraseAllBank1Sectors) refers to stm32f4xx_flash.o(i.FLASH_WaitForLastOperation) for FLASH_WaitForLastOperation
    stm32f4xx_flash.o(i.FLASH_EraseAllBank2Sectors) refers to stm32f4xx_flash.o(i.FLASH_WaitForLastOperation) for FLASH_WaitForLastOperation
    stm32f4xx_flash.o(i.FLASH_EraseAllSectors) refers to stm32f4xx_flash.o(i.FLASH_WaitForLastOperation) for FLASH_WaitForLastOperation
    stm32f4xx_flash.o(i.FLASH_EraseSector) refers to stm32f4xx_flash.o(i.FLASH_WaitForLastOperation) for FLASH_WaitForLastOperation
    stm32f4xx_flash.o(i.FLASH_OB_Launch) refers to stm32f4xx_flash.o(i.FLASH_WaitForLastOperation) for FLASH_WaitForLastOperation
    stm32f4xx_flash.o(i.FLASH_OB_PCROP1Config) refers to stm32f4xx_flash.o(i.FLASH_WaitForLastOperation) for FLASH_WaitForLastOperation
    stm32f4xx_flash.o(i.FLASH_OB_PCROPConfig) refers to stm32f4xx_flash.o(i.FLASH_WaitForLastOperation) for FLASH_WaitForLastOperation
    stm32f4xx_flash.o(i.FLASH_OB_RDPConfig) refers to stm32f4xx_flash.o(i.FLASH_WaitForLastOperation) for FLASH_WaitForLastOperation
    stm32f4xx_flash.o(i.FLASH_OB_UserConfig) refers to stm32f4xx_flash.o(i.FLASH_WaitForLastOperation) for FLASH_WaitForLastOperation
    stm32f4xx_flash.o(i.FLASH_OB_WRP1Config) refers to stm32f4xx_flash.o(i.FLASH_WaitForLastOperation) for FLASH_WaitForLastOperation
    stm32f4xx_flash.o(i.FLASH_OB_WRPConfig) refers to stm32f4xx_flash.o(i.FLASH_WaitForLastOperation) for FLASH_WaitForLastOperation
    stm32f4xx_flash.o(i.FLASH_ProgramByte) refers to stm32f4xx_flash.o(i.FLASH_WaitForLastOperation) for FLASH_WaitForLastOperation
    stm32f4xx_flash.o(i.FLASH_ProgramDoubleWord) refers to stm32f4xx_flash.o(i.FLASH_WaitForLastOperation) for FLASH_WaitForLastOperation
    stm32f4xx_flash.o(i.FLASH_ProgramHalfWord) refers to stm32f4xx_flash.o(i.FLASH_WaitForLastOperation) for FLASH_WaitForLastOperation
    stm32f4xx_flash.o(i.FLASH_ProgramWord) refers to stm32f4xx_flash.o(i.FLASH_WaitForLastOperation) for FLASH_WaitForLastOperation
    stm32f4xx_flash.o(i.FLASH_WaitForLastOperation) refers to stm32f4xx_flash.o(i.FLASH_GetStatus) for FLASH_GetStatus
    stm32f4xx_gpio.o(i.GPIO_DeInit) refers to stm32f4xx_rcc.o(i.RCC_AHB1PeriphResetCmd) for RCC_AHB1PeriphResetCmd
    stm32f4xx_i2c.o(i.I2C_DeInit) refers to stm32f4xx_rcc.o(i.RCC_APB1PeriphResetCmd) for RCC_APB1PeriphResetCmd
    stm32f4xx_i2c.o(i.I2C_Init) refers to stm32f4xx_rcc.o(i.RCC_GetClocksFreq) for RCC_GetClocksFreq
    stm32f4xx_pwr.o(i.PWR_DeInit) refers to stm32f4xx_rcc.o(i.RCC_APB1PeriphResetCmd) for RCC_APB1PeriphResetCmd
    stm32f4xx_rcc.o(i.RCC_GetClocksFreq) refers to stm32f4xx_rcc.o(.data) for APBAHBPrescTable
    stm32f4xx_rcc.o(i.RCC_WaitForHSEStartUp) refers to stm32f4xx_rcc.o(i.RCC_GetFlagStatus) for RCC_GetFlagStatus
[...]
    Removing stm32f4xx_tim.o(i.TIM_SelectCCDMA), (24 bytes).
    Removing stm32f4xx_tim.o(i.TIM_SelectCOM), (24 bytes).
    Removing stm32f4xx_tim.o(i.TIM_SelectHallSensor), (24 bytes).
    Removing stm32f4xx_tim.o(i.TIM_SelectInputTrigger), (18 bytes).
    Removing stm32f4xx_tim.o(i.TIM_SelectMasterSlaveMode), (18 bytes).
    Removing stm32f4xx_tim.o(i.TIM_SelectOCxM), (86 bytes).
    Removing stm32f4xx_tim.o(i.TIM_SelectOnePulseMode), (18 bytes).
    Removing stm32f4xx_tim.o(i.TIM_SelectOutputTrigger), (18 bytes).
    Removing stm32f4xx_tim.o(i.TIM_SelectSlaveMode), (18 bytes).
    Removing stm32f4xx_tim.o(i.TIM_SetAutoreload), (4 bytes).
    Removing stm32f4xx_tim.o(i.TIM_SetClockDivision), (18 bytes).
    Removing stm32f4xx_tim.o(i.TIM_SetCompare1), (4 bytes).
    Removing stm32f4xx_tim.o(i.TIM_SetCompare2), (4 bytes).
    Removing stm32f4xx_tim.o(i.TIM_SetCompare3), (4 bytes).
    Removing stm32f4xx_tim.o(i.TIM_SetCompare4), (4 bytes).
    Removing stm32f4xx_tim.o(i.TIM_SetCounter), (4 bytes).
    Removing stm32f4xx_tim.o(i.TIM_SetIC1Prescaler), (18 bytes).
    Removing stm32f4xx_tim.o(i.TIM_SetIC2Prescaler), (26 bytes).
    Removing stm32f4xx_tim.o(i.TIM_SetIC3Prescaler), (18 bytes).
    Removing stm32f4xx_tim.o(i.TIM_SetIC4Prescaler), (26 bytes).
    Removing stm32f4xx_tim.o(i.TIM_TIxExternalClockConfig), (62 bytes).
    Removing stm32f4xx_tim.o(i.TIM_UpdateDisableConfig), (24 bytes).
    Removing stm32f4xx_tim.o(i.TIM_UpdateRequestConfig), (24 bytes).
    Removing stm32f4xx_usart.o(.rev16_text), (4 bytes).
    Removing stm32f4xx_usart.o(.revsh_text), (4 bytes).
    Removing stm32f4xx_usart.o(.rrx_text), (6 bytes).
    Removing stm32f4xx_usart.o(i.USART_ClearITPendingBit), (30 bytes).
    Removing stm32f4xx_usart.o(i.USART_ClockInit), (32 bytes).
    Removing stm32f4xx_usart.o(i.USART_ClockStructInit), (12 bytes).
    Removing stm32f4xx_usart.o(i.USART_DMACmd), (18 bytes).
    Removing stm32f4xx_usart.o(i.USART_DeInit), (240 bytes).
    Removing stm32f4xx_usart.o(i.USART_HalfDuplexCmd), (24 bytes).
    Removing stm32f4xx_usart.o(i.USART_IrDACmd), (24 bytes).
    Removing stm32f4xx_usart.o(i.USART_IrDAConfig), (18 bytes).
    Removing stm32f4xx_usart.o(i.USART_LINBreakDetectLengthConfig), (18 bytes).
    Removing stm32f4xx_usart.o(i.USART_LINCmd), (24 bytes).
    Removing stm32f4xx_usart.o(i.USART_OneBitMethodCmd), (24 bytes).
    Removing stm32f4xx_usart.o(i.USART_OverSampling8Cmd), (22 bytes).
    Removing stm32f4xx_usart.o(i.USART_ReceiverWakeUpCmd), (24 bytes).
    Removing stm32f4xx_usart.o(i.USART_SendBreak), (10 bytes).
    Removing stm32f4xx_usart.o(i.USART_SetAddress), (18 bytes).
    Removing stm32f4xx_usart.o(i.USART_SetGuardTime), (16 bytes).
    Removing stm32f4xx_usart.o(i.USART_SetPrescaler), (16 bytes).
    Removing stm32f4xx_usart.o(i.USART_SmartCardCmd), (24 bytes).
    Removing stm32f4xx_usart.o(i.USART_SmartCardNACKCmd), (24 bytes).
    Removing stm32f4xx_usart.o(i.USART_StructInit), (24 bytes).
    Removing stm32f4xx_usart.o(i.USART_WakeUpConfig), (18 bytes).
    Removing stm32f4xx_wwdg.o(.rev16_text), (4 bytes).
    Removing stm32f4xx_wwdg.o(.revsh_text), (4 bytes).
    Removing stm32f4xx_wwdg.o(.rrx_text), (6 bytes).
    Removing stm32f4xx_wwdg.o(i.WWDG_ClearFlag), (12 bytes).
    Removing stm32f4xx_wwdg.o(i.WWDG_DeInit), (22 bytes).
    Removing stm32f4xx_wwdg.o(i.WWDG_Enable), (16 bytes).
    Removing stm32f4xx_wwdg.o(i.WWDG_EnableIT), (12 bytes).
    Removing stm32f4xx_wwdg.o(i.WWDG_GetFlagStatus), (20 bytes).
    Removing stm32f4xx_wwdg.o(i.WWDG_SetCounter), (16 bytes).
    Removing stm32f4xx_wwdg.o(i.WWDG_SetPrescaler), (24 bytes).
    Removing stm32f4xx_wwdg.o(i.WWDG_SetWindowValue), (40 bytes).
    Removing system_stm32f4xx.o(.rev16_text), (4 bytes).
    Removing system_stm32f4xx.o(.revsh_text), (4 bytes).
    Removing system_stm32f4xx.o(.rrx_text), (6 bytes).
    Removing system_stm32f4xx.o(i.SystemCoreClockUpdate), (192 bytes).
    Removing bsp.o(.rev16_text), (4 bytes).
    Removing bsp.o(.revsh_text), (4 bytes).
    Removing bsp.o(.rrx_text), (6 bytes).
    Removing usart.o(.rev16_text), (4 bytes).
    Removing usart.o(.revsh_text), (4 bytes).
    Removing usart.o(.rrx_text), (6 bytes).
    Removing usart.o(i.USART1_SendNByte), (28 bytes).
    Removing usart.o(i.USART1_SendString), (28 bytes).
    Removing usart.o(i.USART3_SendByte), (32 bytes).
    Removing usart.o(i.USART3_SendNByte), (28 bytes).
    Removing usart.o(i.USART3_SendString), (28 bytes).
    Removing usart.o(i.fgetc), (32 bytes).
    Removing i2c.o(.rev16_text), (4 bytes).
    Removing i2c.o(.revsh_text), (4 bytes).
    Removing i2c.o(.rrx_text), (6 bytes).
    Removing i2c.o(i.iic_Ack), (72 bytes).
    Removing i2c.o(i.iic_burst_read), (94 bytes).
    Removing i2c.o(.data), (9 bytes).
    Removing main.o(.rev16_text), (4 bytes).
    Removing main.o(.revsh_text), (4 bytes).
    Removing main.o(.rrx_text), (6 bytes).
    Removing main.o(i.led), (16 bytes).
    Removing stm32f4xx_it.o(.rev16_text), (4 bytes).
    Removing stm32f4xx_it.o(.revsh_text), (4 bytes).
    Removing stm32f4xx_it.o(.rrx_text), (6 bytes).
    Removing mpu.o(.rev16_text), (4 bytes).
    Removing mpu.o(.revsh_text), (4 bytes).
    Removing mpu.o(.rrx_text), (6 bytes).
    Removing os.o(.rev16_text), (4 bytes).
    Removing os.o(.revsh_text), (4 bytes).
    Removing os.o(.rrx_text), (6 bytes).
    Removing motion.o(.rev16_text), (4 bytes).
    Removing motion.o(.revsh_text), (4 bytes).
    Removing motion.o(.rrx_text), (6 bytes).
    Removing math.o(.rev16_text), (4 bytes).
    Removing math.o(.revsh_text), (4 bytes).
    Removing math.o(.rrx_text), (6 bytes).
    Removing arm_cos_f32.o(.rev16_text), (4 bytes).
    Removing arm_cos_f32.o(.revsh_text), (4 bytes).
    Removing arm_cos_f32.o(.rrx_text), (6 bytes).
    Removing arm_sin_f32.o(.rev16_text), (4 bytes).
    Removing arm_sin_f32.o(.revsh_text), (4 bytes).
    Removing arm_sin_f32.o(.rrx_text), (6 bytes).
    Removing arm_mat_init_f32.o(.rev16_text), (4 bytes).
    Removing arm_mat_init_f32.o(.revsh_text), (4 bytes).
    Removing arm_mat_init_f32.o(.rrx_text), (6 bytes).
    Removing arm_mat_mult_f32.o(.rev16_text), (4 bytes).
    Removing arm_mat_mult_f32.o(.revsh_text), (4 bytes).
    Removing arm_mat_mult_f32.o(.rrx_text), (6 bytes).
    Removing arm_power_f32.o(.rev16_text), (4 bytes).
    Removing arm_power_f32.o(.revsh_text), (4 bytes).
    Removing arm_power_f32.o(.rrx_text), (6 bytes).
    Removing arm_common_tables.o(.rev16_text), (4 bytes).
    Removing arm_common_tables.o(.revsh_text), (4 bytes).
    Removing arm_common_tables.o(.rrx_text), (6 bytes).
    Removing arm_common_tables.o(.constdata), (2048 bytes).
    Removing arm_common_tables.o(.constdata), (128 bytes).
    Removing arm_common_tables.o(.constdata), (256 bytes).
    Removing arm_common_tables.o(.constdata), (512 bytes).
    Removing arm_common_tables.o(.constdata), (1024 bytes).
    Removing arm_common_tables.o(.constdata), (2048 bytes).
    Removing arm_common_tables.o(.constdata), (4096 bytes).
    Removing arm_common_tables.o(.constdata), (8192 bytes).
    Removing arm_common_tables.o(.constdata), (16384 bytes).
    Removing arm_common_tables.o(.constdata), (32768 bytes).
    Removing arm_common_tables.o(.constdata), (96 bytes).
    Removing arm_common_tables.o(.constdata), (192 bytes).
    Removing arm_common_tables.o(.constdata), (384 bytes).
    Removing arm_common_tables.o(.constdata), (768 bytes).
    Removing arm_common_tables.o(.constdata), (1536 bytes).
    Removing arm_common_tables.o(.constdata), (3072 bytes).
    Removing arm_common_tables.o(.constdata), (6144 bytes).
    Removing arm_common_tables.o(.constdata), (12288 bytes).
    Removing arm_common_tables.o(.constdata), (24576 bytes).
    Removing arm_common_tables.o(.constdata), (48 bytes).
    Removing arm_common_tables.o(.constdata), (96 bytes).
    Removing arm_common_tables.o(.constdata), (192 bytes).
    Removing arm_common_tables.o(.constdata), (384 bytes).
    Removing arm_common_tables.o(.constdata), (768 bytes).
    Removing arm_common_tables.o(.constdata), (1536 bytes).
    Removing arm_common_tables.o(.constdata), (3072 bytes).
    Removing arm_common_tables.o(.constdata), (6144 bytes).
    Removing arm_common_tables.o(.constdata), (12288 bytes).
    Removing arm_common_tables.o(.constdata), (128 bytes).
    Removing arm_common_tables.o(.constdata), (256 bytes).
    Removing arm_common_tables.o(.constdata), (40 bytes).
    Removing arm_common_tables.o(.constdata), (96 bytes).
    Removing arm_common_tables.o(.constdata), (112 bytes).
    Removing arm_common_tables.o(.constdata), (416 bytes).
    Removing arm_common_tables.o(.constdata), (880 bytes).
    Removing arm_common_tables.o(.constdata), (896 bytes).
    Removing arm_common_tables.o(.constdata), (3600 bytes).
    Removing arm_common_tables.o(.constdata), (7616 bytes).
    Removing arm_common_tables.o(.constdata), (8064 bytes).
    Removing arm_common_tables.o(.constdata), (24 bytes).
    Removing arm_common_tables.o(.constdata), (48 bytes).
    Removing arm_common_tables.o(.constdata), (112 bytes).
    Removing arm_common_tables.o(.constdata), (224 bytes).
    Removing arm_common_tables.o(.constdata), (480 bytes).
    Removing arm_common_tables.o(.constdata), (960 bytes).
    Removing arm_common_tables.o(.constdata), (1984 bytes).
    Removing arm_common_tables.o(.constdata), (3968 bytes).
    Removing arm_common_tables.o(.constdata), (8064 bytes).
    Removing arm_common_tables.o(.constdata), (128 bytes).
    Removing arm_common_tables.o(.constdata), (256 bytes).
    Removing arm_common_tables.o(.constdata), (512 bytes).
    Removing arm_common_tables.o(.constdata), (1024 bytes).
    Removing arm_common_tables.o(.constdata), (2048 bytes).
    Removing arm_common_tables.o(.constdata), (4096 bytes).
    Removing arm_common_tables.o(.constdata), (8192 bytes).
    Removing arm_common_tables.o(.constdata), (16384 bytes).
    Removing arm_common_tables.o(.constdata), (2052 bytes).
    Removing arm_common_tables.o(.constdata), (1026 bytes).
    Removing dneg.o(.text), (6 bytes).
    Removing cdcmple.o(.text), (48 bytes).

711 unused section(s) (total 236611 bytes) removed from the image.

==============================================================================

Image Symbol Table

    Local Symbols

    Symbol Name                              Value     Ov Type        Size  Object(Section)

    ../clib/microlib/division.c              0x00000000   Number         0  uidiv.o ABSOLUTE
    ../clib/microlib/division.c              0x00000000   Number         0  uldiv.o ABSOLUTE
    ../clib/microlib/errno.c                 0x00000000   Number         0  errno.o ABSOLUTE
    ../clib/microlib/init/entry.s            0x00000000   Number         0  entry7b.o ABSOLUTE
    ../clib/microlib/init/entry.s            0x00000000   Number         0  entry8a.o ABSOLUTE
    ../clib/microlib/init/entry.s            0x00000000   Number         0  entry8b.o ABSOLUTE
    ../clib/microlib/init/entry.s            0x00000000   Number         0  entry9a.o ABSOLUTE
    ../clib/microlib/init/entry.s            0x00000000   Number         0  entry9b.o ABSOLUTE
    ../clib/microlib/init/entry.s            0x00000000   Number         0  entry10a.o ABSOLUTE
    ../clib/microlib/init/entry.s            0x00000000   Number         0  entry10b.o ABSOLUTE
    ../clib/microlib/init/entry.s            0x00000000   Number         0  entry7a.o ABSOLUTE
    ../clib/microlib/init/entry.s            0x00000000   Number         0  entry.o ABSOLUTE
    ../clib/microlib/init/entry.s            0x00000000   Number         0  entry11a.o ABSOLUTE
    ../clib/microlib/init/entry.s            0x00000000   Number         0  entry11b.o ABSOLUTE
    ../clib/microlib/init/entry.s            0x00000000   Number         0  entry2.o ABSOLUTE
    ../clib/microlib/init/entry.s            0x00000000   Number         0  entry5.o ABSOLUTE
    ../clib/microlib/longlong.c              0x00000000   Number         0  llushr.o ABSOLUTE
    ../clib/microlib/longlong.c              0x00000000   Number         0  llsshr.o ABSOLUTE
    ../clib/microlib/longlong.c              0x00000000   Number         0  llshl.o ABSOLUTE
    ../clib/microlib/malloc/malloc.c         0x00000000   Number         0  mallocra.o ABSOLUTE
    ../clib/microlib/malloc/malloc.c         0x00000000   Number         0  malloca.o ABSOLUTE
    ../clib/microlib/malloc/malloc.c         0x00000000   Number         0  mallocr.o ABSOLUTE
    ../clib/microlib/malloc/malloc.c         0x00000000   Number         0  malloc.o ABSOLUTE
    ../clib/microlib/malloc/mvars.c          0x00000000   Number         0  mvars.o ABSOLUTE
    ../clib/microlib/printf/printf.c         0x00000000   Number         0  printf5.o ABSOLUTE
    ../clib/microlib/printf/printf.c         0x00000000   Number         0  printf4.o ABSOLUTE
    ../clib/microlib/printf/printf.c         0x00000000   Number         0  printf2.o ABSOLUTE
    ../clib/microlib/printf/printf.c         0x00000000   Number         0  printf3.o ABSOLUTE
    ../clib/microlib/printf/printf.c         0x00000000   Number         0  printf8.o ABSOLUTE
    ../clib/microlib/printf/printf.c         0x00000000   Number         0  printf7.o ABSOLUTE
    ../clib/microlib/printf/printf.c         0x00000000   Number         0  printfb.o ABSOLUTE
    ../clib/microlib/printf/printf.c         0x00000000   Number         0  printf0.o ABSOLUTE
    ../clib/microlib/printf/printf.c         0x00000000   Number         0  printfa.o ABSOLUTE
    ../clib/microlib/printf/printf.c         0x00000000   Number         0  printf6.o ABSOLUTE
    ../clib/microlib/printf/printf.c         0x00000000   Number         0  printf1.o ABSOLUTE
    ../clib/microlib/printf/stubs.s          0x00000000   Number         0  stubs.o ABSOLUTE
    ../clib/microlib/stdio/streams.c         0x00000000   Number         0  stdout.o ABSOLUTE
    ../clib/microlib/string/memcpy.c         0x00000000   Number         0  memcpya.o ABSOLUTE
    ../clib/microlib/string/memcpy.c         0x00000000   Number         0  memcpyb.o ABSOLUTE
    ../clib/microlib/stubs.s                 0x00000000   Number         0  iusefp.o ABSOLUTE
    ../fplib/microlib/d2f.c                  0x00000000   Number         0  d2f.o ABSOLUTE
    ../fplib/microlib/f2d.c                  0x00000000   Number         0  f2d.o ABSOLUTE
    ../fplib/microlib/fpadd.c                0x00000000   Number         0  dadd.o ABSOLUTE
    ../fplib/microlib/fpdiv.c                0x00000000   Number         0  ddiv.o ABSOLUTE
    ../fplib/microlib/fpepilogue.c           0x00000000   Number         0  fepilogue.o ABSOLUTE
    ../fplib/microlib/fpepilogue.c           0x00000000   Number         0  depilogue.o ABSOLUTE
    ../fplib/microlib/fpfix.c                0x00000000   Number         0  dfixul.o ABSOLUTE
    ../fplib/microlib/fpmul.c                0x00000000   Number         0  dmul.o ABSOLUTE
    ../fplib/microlib/fpneg.c                0x00000000   Number         0  dneg.o ABSOLUTE
    ../fplib/microlib/fpsqrt.c               0x00000000   Number         0  dsqrt.o ABSOLUTE
    ../mathlib/asin.c                        0x00000000   Number         0  asin_x.o ABSOLUTE
    ../mathlib/asin.c                        0x00000000   Number         0  asin.o ABSOLUTE
    ../mathlib/atan2f.c                      0x00000000   Number         0  atan2f_x.o ABSOLUTE
    ../mathlib/atan2f.c                      0x00000000   Number         0  atan2f.o ABSOLUTE
    ../mathlib/dunder.c                      0x00000000   Number         0  dunder.o ABSOLUTE
    ../mathlib/fabs.c                        0x00000000   Number         0  fabs.o ABSOLUTE
    ../mathlib/fpclassify.c                  0x00000000   Number         0  fpclassify.o ABSOLUTE
    ../mathlib/fpclassifyf.c                 0x00000000   Number         0  fpclassifyf.o ABSOLUTE
    ../mathlib/funder.c                      0x00000000   Number         0  funder.o ABSOLUTE
    ../mathlib/poly.c                        0x00000000   Number         0  poly.o ABSOLUTE
    ../mathlib/sqrt.c                        0x00000000   Number         0  sqrt_full_x.o ABSOLUTE
    ../mathlib/sqrt.c                        0x00000000   Number         0  sqrt_full.o ABSOLUTE
    ..\CommonTables\arm_common_tables.c      0x00000000   Number         0  arm_common_tables.o ABSOLUTE
    ..\FastMathFunctions\arm_cos_f32.c       0x00000000   Number         0  arm_cos_f32.o ABSOLUTE
    ..\FastMathFunctions\arm_sin_f32.c       0x00000000   Number         0  arm_sin_f32.o ABSOLUTE
    ..\MatrixFunctions\arm_mat_init_f32.c    0x00000000   Number         0  arm_mat_init_f32.o ABSOLUTE
    ..\MatrixFunctions\arm_mat_mult_f32.c    0x00000000   Number         0  arm_mat_mult_f32.o ABSOLUTE
    ..\StatisticsFunctions\arm_power_f32.c   0x00000000   Number         0  arm_power_f32.o ABSOLUTE
    ..\\CommonTables\\arm_common_tables.c    0x00000000   Number         0  arm_common_tables.o ABSOLUTE
    ..\\FastMathFunctions\\arm_cos_f32.c     0x00000000   Number         0  arm_cos_f32.o ABSOLUTE
    ..\\FastMathFunctions\\arm_sin_f32.c     0x00000000   Number         0  arm_sin_f32.o ABSOLUTE
    ..\\MatrixFunctions\\arm_mat_init_f32.c  0x00000000   Number         0  arm_mat_init_f32.o ABSOLUTE
    ..\\MatrixFunctions\\arm_mat_mult_f32.c  0x00000000   Number         0  arm_mat_mult_f32.o ABSOLUTE
    ..\\StatisticsFunctions\\arm_power_f32.c 0x00000000   Number         0  arm_power_f32.o ABSOLUTE
    App\\main.c                              0x00000000   Number         0  main.o ABSOLUTE
    App\\motion.c                            0x00000000   Number         0  motion.o ABSOLUTE
    App\\mpu.c                               0x00000000   Number         0  mpu.o ABSOLUTE
    App\\os.c                                0x00000000   Number         0  os.o ABSOLUTE
    App\\stm32f4xx_it.c                      0x00000000   Number         0  stm32f4xx_it.o ABSOLUTE
    App\main.c                               0x00000000   Number         0  main.o ABSOLUTE
    App\motion.c                             0x00000000   Number         0  motion.o ABSOLUTE
    App\mpu.c                                0x00000000   Number         0  mpu.o ABSOLUTE
    App\os.c                                 0x00000000   Number         0  os.o ABSOLUTE
    App\stm32f4xx_it.c                       0x00000000   Number         0  stm32f4xx_it.o ABSOLUTE
    Bsp\\bsp.c                               0x00000000   Number         0  bsp.o ABSOLUTE
    Bsp\\i2c.c                               0x00000000   Number         0  i2c.o ABSOLUTE
    Bsp\\usart.c                             0x00000000   Number         0  usart.o ABSOLUTE
    Bsp\bsp.c                                0x00000000   Number         0  bsp.o ABSOLUTE
    Bsp\i2c.c                                0x00000000   Number         0  i2c.o ABSOLUTE
    Bsp\usart.c                              0x00000000   Number         0  usart.o ABSOLUTE
    Libraries\CMSIS\DeviceSupport\startup\startup_stm32f40_41xxx.s 0x00000000   Number         0  startup_stm32f40_41xxx.o ABSOLUTE
    Libraries\CMSIS\DeviceSupport\system_stm32f4xx.c 0x00000000   Number         0  system_stm32f4xx.o ABSOLUTE
    Libraries\STM32F4xx_StdPeriph_Driver\src\misc.c 0x00000000   Number         0  misc.o ABSOLUTE
    Libraries\STM32F4xx_StdPeriph_Driver\src\stm32f4xx_adc.c 0x00000000   Number         0  stm32f4xx_adc.o ABSOLUTE
    Libraries\STM32F4xx_StdPeriph_Driver\src\stm32f4xx_can.c 0x00000000   Number         0  stm32f4xx_can.o ABSOLUTE
    Libraries\STM32F4xx_StdPeriph_Driver\src\stm32f4xx_cec.c 0x00000000   Number         0  stm32f4xx_cec.o ABSOLUTE
    Libraries\STM32F4xx_StdPeriph_Driver\src\stm32f4xx_crc.c 0x00000000   Number         0  stm32f4xx_crc.o ABSOLUTE
    Libraries\STM32F4xx_StdPeriph_Driver\src\stm32f4xx_dac.c 0x00000000   Number         0  stm32f4xx_dac.o ABSOLUTE
    Libraries\STM32F4xx_StdPeriph_Driver\src\stm32f4xx_dcmi.c 0x00000000   Number         0  stm32f4xx_dcmi.o ABSOLUTE
    Libraries\STM32F4xx_StdPeriph_Driver\src\stm32f4xx_dma.c 0x00000000   Number         0  stm32f4xx_dma.o ABSOLUTE
    Libraries\STM32F4xx_StdPeriph_Driver\src\stm32f4xx_dsi.c 0x00000000   Number         0  stm32f4xx_dsi.o ABSOLUTE
    Libraries\STM32F4xx_StdPeriph_Driver\src\stm32f4xx_exti.c 0x00000000   Number         0  stm32f4xx_exti.o ABSOLUTE
    Libraries\STM32F4xx_StdPeriph_Driver\src\stm32f4xx_flash.c 0x00000000   Number         0  stm32f4xx_flash.o ABSOLUTE
    Libraries\STM32F4xx_StdPeriph_Driver\src\stm32f4xx_gpio.c 0x00000000   Number         0  stm32f4xx_gpio.o ABSOLUTE
    Libraries\STM32F4xx_StdPeriph_Driver\src\stm32f4xx_i2c.c 0x00000000   Number         0  stm32f4xx_i2c.o ABSOLUTE
    Libraries\STM32F4xx_StdPeriph_Driver\src\stm32f4xx_iwdg.c 0x00000000   Number         0  stm32f4xx_iwdg.o ABSOLUTE
    Libraries\STM32F4xx_StdPeriph_Driver\src\stm32f4xx_pwr.c 0x00000000   Number         0  stm32f4xx_pwr.o ABSOLUTE
    Libraries\STM32F4xx_StdPeriph_Driver\src\stm32f4xx_rcc.c 0x00000000   Number         0  stm32f4xx_rcc.o ABSOLUTE
    Libraries\STM32F4xx_StdPeriph_Driver\src\stm32f4xx_rtc.c 0x00000000   Number         0  stm32f4xx_rtc.o ABSOLUTE
    Libraries\STM32F4xx_StdPeriph_Driver\src\stm32f4xx_sdio.c 0x00000000   Number         0  stm32f4xx_sdio.o ABSOLUTE
    Libraries\STM32F4xx_StdPeriph_Driver\src\stm32f4xx_spi.c 0x00000000   Number         0  stm32f4xx_spi.o ABSOLUTE
    Libraries\STM32F4xx_StdPeriph_Driver\src\stm32f4xx_syscfg.c 0x00000000   Number         0  stm32f4xx_syscfg.o ABSOLUTE
    Libraries\STM32F4xx_StdPeriph_Driver\src\stm32f4xx_tim.c 0x00000000   Number         0  stm32f4xx_tim.o ABSOLUTE
    Libraries\STM32F4xx_StdPeriph_Driver\src\stm32f4xx_usart.c 0x00000000   Number         0  stm32f4xx_usart.o ABSOLUTE
    Libraries\STM32F4xx_StdPeriph_Driver\src\stm32f4xx_wwdg.c 0x00000000   Number         0  stm32f4xx_wwdg.o ABSOLUTE
    Libraries\\CMSIS\\DeviceSupport\\system_stm32f4xx.c 0x00000000   Number         0  system_stm32f4xx.o ABSOLUTE
    Libraries\\STM32F4xx_StdPeriph_Driver\\src\\misc.c 0x00000000   Number         0  misc.o ABSOLUTE
    Libraries\\STM32F4xx_StdPeriph_Driver\\src\\stm32f4xx_adc.c 0x00000000   Number         0  stm32f4xx_adc.o ABSOLUTE
    Libraries\\STM32F4xx_StdPeriph_Driver\\src\\stm32f4xx_can.c 0x00000000   Number         0  stm32f4xx_can.o ABSOLUTE
    Libraries\\STM32F4xx_StdPeriph_Driver\\src\\stm32f4xx_cec.c 0x00000000   Number         0  stm32f4xx_cec.o ABSOLUTE
    Libraries\\STM32F4xx_StdPeriph_Driver\\src\\stm32f4xx_crc.c 0x00000000   Number         0  stm32f4xx_crc.o ABSOLUTE
    Libraries\\STM32F4xx_StdPeriph_Driver\\src\\stm32f4xx_dac.c 0x00000000   Number         0  stm32f4xx_dac.o ABSOLUTE
    Libraries\\STM32F4xx_StdPeriph_Driver\\src\\stm32f4xx_dcmi.c 0x00000000   Number         0  stm32f4xx_dcmi.o ABSOLUTE
    Libraries\\STM32F4xx_StdPeriph_Driver\\src\\stm32f4xx_dma.c 0x00000000   Number         0  stm32f4xx_dma.o ABSOLUTE
    Libraries\\STM32F4xx_StdPeriph_Driver\\src\\stm32f4xx_dsi.c 0x00000000   Number         0  stm32f4xx_dsi.o ABSOLUTE
    Libraries\\STM32F4xx_StdPeriph_Driver\\src\\stm32f4xx_exti.c 0x00000000   Number         0  stm32f4xx_exti.o ABSOLUTE
    Libraries\\STM32F4xx_StdPeriph_Driver\\src\\stm32f4xx_flash.c 0x00000000   Number         0  stm32f4xx_flash.o ABSOLUTE
    Libraries\\STM32F4xx_StdPeriph_Driver\\src\\stm32f4xx_gpio.c 0x00000000   Number         0  stm32f4xx_gpio.o ABSOLUTE
    Libraries\\STM32F4xx_StdPeriph_Driver\\src\\stm32f4xx_i2c.c 0x00000000   Number         0  stm32f4xx_i2c.o ABSOLUTE
    Libraries\\STM32F4xx_StdPeriph_Driver\\src\\stm32f4xx_iwdg.c 0x00000000   Number         0  stm32f4xx_iwdg.o ABSOLUTE
    Libraries\\STM32F4xx_StdPeriph_Driver\\src\\stm32f4xx_pwr.c 0x00000000   Number         0  stm32f4xx_pwr.o ABSOLUTE
    Libraries\\STM32F4xx_StdPeriph_Driver\\src\\stm32f4xx_rcc.c 0x00000000   Number         0  stm32f4xx_rcc.o ABSOLUTE
    Libraries\\STM32F4xx_StdPeriph_Driver\\src\\stm32f4xx_rtc.c 0x00000000   Number         0  stm32f4xx_rtc.o ABSOLUTE
    Libraries\\STM32F4xx_StdPeriph_Driver\\src\\stm32f4xx_sdio.c 0x00000000   Number         0  stm32f4xx_sdio.o ABSOLUTE
    Libraries\\STM32F4xx_StdPeriph_Driver\\src\\stm32f4xx_spi.c 0x00000000   Number         0  stm32f4xx_spi.o ABSOLUTE
    Libraries\\STM32F4xx_StdPeriph_Driver\\src\\stm32f4xx_syscfg.c 0x00000000   Number         0  stm32f4xx_syscfg.o ABSOLUTE
    Libraries\\STM32F4xx_StdPeriph_Driver\\src\\stm32f4xx_tim.c 0x00000000   Number         0  stm32f4xx_tim.o ABSOLUTE
    Libraries\\STM32F4xx_StdPeriph_Driver\\src\\stm32f4xx_usart.c 0x00000000   Number         0  stm32f4xx_usart.o ABSOLUTE
    Libraries\\STM32F4xx_StdPeriph_Driver\\src\\stm32f4xx_wwdg.c 0x00000000   Number         0  stm32f4xx_wwdg.o ABSOLUTE
    Math\MATH.c                              0x00000000   Number         0  math.o ABSOLUTE
    Math\\MATH.c                             0x00000000   Number         0  math.o ABSOLUTE
    cdcmple.s                                0x00000000   Number         0  cdcmple.o ABSOLUTE
    cdrcmple.s                               0x00000000   Number         0  cdrcmple.o ABSOLUTE
    dc.s                                     0x00000000   Number         0  dc.o ABSOLUTE
    handlers.s                               0x00000000   Number         0  handlers.o ABSOLUTE
    init.s                                   0x00000000   Number         0  init.o ABSOLUTE
    RESET                                    0x08000000   Section      392  startup_stm32f40_41xxx.o(RESET)
    .ARM.Collect$$$$00000000                 0x08000188   Section        0  entry.o(.ARM.Collect$$$$00000000)
    .ARM.Collect$$$$00000001                 0x08000188   Section        4  entry2.o(.ARM.Collect$$$$00000001)
    .ARM.Collect$$$$00000004                 0x0800018c   Section        4  entry5.o(.ARM.Collect$$$$00000004)
    .ARM.Collect$$$$00000008                 0x08000190   Section        0  entry7b.o(.ARM.Collect$$$$00000008)
    .ARM.Collect$$$$0000000A                 0x08000190   Section        0  entry8b.o(.ARM.Collect$$$$0000000A)
    .ARM.Collect$$$$0000000B                 0x08000190   Section        8  entry9a.o(.ARM.Collect$$$$0000000B)
    .ARM.Collect$$$$0000000D                 0x08000198   Section        0  entry10a.o(.ARM.Collect$$$$0000000D)
    .ARM.Collect$$$$0000000F                 0x08000198   Section        0  entry11a.o(.ARM.Collect$$$$0000000F)
    .ARM.Collect$$$$00002712                 0x08000198   Section        4  entry2.o(.ARM.Collect$$$$00002712)
    __lit__00000000                          0x08000198   Data           4  entry2.o(.ARM.Collect$$$$00002712)
    .text                                    0x0800019c   Section       36  startup_stm32f40_41xxx.o(.text)
    $v0                                      0x0800019c   Number         0  startup_stm32f40_41xxx.o(.text)
    .text                                    0x080001c0   Section        0  arm_cos_f32.o(.text)
    .text                                    0x08000238   Section        0  arm_sin_f32.o(.text)
    .text                                    0x080002ac   Section        0  arm_mat_init_f32.o(.text)
    .text                                    0x080002b4   Section        0  arm_mat_mult_f32.o(.text)
    .text                                    0x080003f0   Section        0  arm_power_f32.o(.text)
    .text                                    0x080004bc   Section        0  memcpya.o(.text)
    .text                                    0x080004e0   Section        0  f2d.o(.text)
    .text                                    0x08000506   Section        0  d2f.o(.text)
    .text                                    0x0800053e   Section        0  uidiv.o(.text)
    .text                                    0x0800056a   Section        0  uldiv.o(.text)
    .text                                    0x080005cc   Section        0  fepilogue.o(.text)
    .text                                    0x080005cc   Section        0  iusefp.o(.text)
    .text                                    0x0800063a   Section        0  dadd.o(.text)
    .text                                    0x08000788   Section        0  dmul.o(.text)
    .text                                    0x0800086c   Section        0  ddiv.o(.text)
    .text                                    0x0800094a   Section        0  dfixul.o(.text)
    .text                                    0x0800097c   Section       48  cdrcmple.o(.text)
    .text                                    0x080009ac   Section       36  init.o(.text)
    .text                                    0x080009d0   Section        0  llshl.o(.text)
    .text                                    0x080009ee   Section        0  llushr.o(.text)
    .text                                    0x08000a0e   Section        0  llsshr.o(.text)
    .text                                    0x08000a32   Section        0  depilogue.o(.text)
    .text                                    0x08000aec   Section        0  dsqrt.o(.text)
    i.AK8975_Adjust_Val                      0x08000b8e   Section        0  mpu.o(i.AK8975_Adjust_Val)
    i.BSP_Init                               0x08000bbc   Section        0  bsp.o(i.BSP_Init)
    i.BusFault_Handler                       0x08000c34   Section        0  stm32f4xx_it.o(i.BusFault_Handler)
    i.Cross_Product3                         0x08000c38   Section        0  math.o(i.Cross_Product3)
    i.DebugMon_Handler                       0x08000c8e   Section        0  stm32f4xx_it.o(i.DebugMon_Handler)
    i.Delay                                  0x08000c90   Section        0  i2c.o(i.Delay)
    i.Erro_pi                                0x08000cbc   Section        0  motion.o(i.Erro_pi)
    i.Euler2Q                                0x08000cf8   Section        0  math.o(i.Euler2Q)
    i.GPIO_Init                              0x08000ec0   Section        0  stm32f4xx_gpio.o(i.GPIO_Init)
    i.GPIO_PinAFConfig                       0x08000f50   Section        0  stm32f4xx_gpio.o(i.GPIO_PinAFConfig)
    i.GPIO_ReadInputDataBit                  0x08000f96   Section        0  stm32f4xx_gpio.o(i.GPIO_ReadInputDataBit)
    i.HardFault_Handler                      0x08000fa8   Section        0  stm32f4xx_it.o(i.HardFault_Handler)
    i.MemManage_Handler                      0x08000fac   Section        0  stm32f4xx_it.o(i.MemManage_Handler)
    i.Motion_Detect                          0x08000fb0   Section        0  motion.o(i.Motion_Detect)
    i.Motion_Detection                       0x08001078   Section        0  main.o(i.Motion_Detection)
    i.Motion_Init                            0x08001088   Section        0  motion.o(i.Motion_Init)
    i.Motion_Update_Sensor                   0x0800116c   Section        0  motion.o(i.Motion_Update_Sensor)
    i.NMI_Handler                            0x080011fa   Section        0  stm32f4xx_it.o(i.NMI_Handler)
    i.NVIC_Configuration                     0x080011fc   Section        0  bsp.o(i.NVIC_Configuration)
    i.NVIC_Init                              0x0800123c   Section        0  misc.o(i.NVIC_Init)
    i.Normalize                              0x080012b4   Section        0  math.o(i.Normalize)
    i.PendSV_Handler                         0x08001334   Section        0  stm32f4xx_it.o(i.PendSV_Handler)
    i.Q2Euler                                0x08001338   Section        0  math.o(i.Q2Euler)
    i.Q_rsqrt                                0x08001470   Section        0  math.o(i.Q_rsqrt)
    i.R2Quater                               0x080014c8   Section        0  math.o(i.R2Quater)
    i.RCC_AHB1PeriphClockCmd                 0x08001620   Section        0  stm32f4xx_rcc.o(i.RCC_AHB1PeriphClockCmd)
    i.RCC_APB1PeriphClockCmd                 0x08001640   Section        0  stm32f4xx_rcc.o(i.RCC_APB1PeriphClockCmd)
    i.RCC_APB2PeriphClockCmd                 0x08001660   Section        0  stm32f4xx_rcc.o(i.RCC_APB2PeriphClockCmd)
    i.RCC_GetClocksFreq                      0x08001680   Section        0  stm32f4xx_rcc.o(i.RCC_GetClocksFreq)
    i.SVC_Handler                            0x08001768   Section        0  stm32f4xx_it.o(i.SVC_Handler)
    i.SetSysClock                            0x0800176c   Section        0  system_stm32f4xx.o(i.SetSysClock)
    SetSysClock                              0x0800176d   Thumb Code   220  system_stm32f4xx.o(i.SetSysClock)
    i.SysTick_Handler                        0x08001858   Section        0  stm32f4xx_it.o(i.SysTick_Handler)
    i.SystemInit                             0x08001880   Section        0  system_stm32f4xx.o(i.SystemInit)
    i.TIM2_IRQHandler                        0x080018e8   Section        0  stm32f4xx_it.o(i.TIM2_IRQHandler)
    i.TIM_ClearITPendingBit                  0x08001902   Section        0  stm32f4xx_tim.o(i.TIM_ClearITPendingBit)
    i.TIM_Cmd                                0x08001908   Section        0  stm32f4xx_tim.o(i.TIM_Cmd)
    i.TIM_GetITStatus                        0x08001920   Section        0  stm32f4xx_tim.o(i.TIM_GetITStatus)
    i.TIM_ITConfig                           0x08001942   Section        0  stm32f4xx_tim.o(i.TIM_ITConfig)
    i.TIM_TimeBaseInit                       0x08001954   Section        0  stm32f4xx_tim.o(i.TIM_TimeBaseInit)
    i.TIM_TimeBaseStructInit                 0x080019d8   Section        0  stm32f4xx_tim.o(i.TIM_TimeBaseStructInit)
    i.USART1_IRQHandler                      0x080019ec   Section        0  stm32f4xx_it.o(i.USART1_IRQHandler)
    i.USART1_SendByte                        0x08001a10   Section        0  usart.o(i.USART1_SendByte)
    i.USART_ClearFlag                        0x08001a30   Section        0  stm32f4xx_usart.o(i.USART_ClearFlag)
    i.USART_Cmd                              0x08001a42   Section        0  stm32f4xx_usart.o(i.USART_Cmd)
    i.USART_Configuration                    0x08001a5c   Section        0  usart.o(i.USART_Configuration)
    i.USART_GPIO_Configuration               0x08001ac8   Section        0  usart.o(i.USART_GPIO_Configuration)
    i.USART_GetFlagStatus                    0x08001b50   Section        0  stm32f4xx_usart.o(i.USART_GetFlagStatus)
    i.USART_GetITStatus                      0x08001b6a   Section        0  stm32f4xx_usart.o(i.USART_GetITStatus)
    i.USART_ITConfig                         0x08001bbe   Section        0  stm32f4xx_usart.o(i.USART_ITConfig)
    i.USART_Init                             0x08001c08   Section        0  stm32f4xx_usart.o(i.USART_Init)
    i.USART_Initialize                       0x08001cdc   Section        0  usart.o(i.USART_Initialize)
    i.USART_ReceiveData                      0x08001ce8   Section        0  stm32f4xx_usart.o(i.USART_ReceiveData)
    i.USART_SendData                         0x08001cf2   Section        0  stm32f4xx_usart.o(i.USART_SendData)
    i.UsageFault_Handler                     0x08001cfa   Section        0  stm32f4xx_it.o(i.UsageFault_Handler)
    i.Vector_Rotation                        0x08001cfe   Section        0  math.o(i.Vector_Rotation)
    i.__0printf                              0x08001d3c   Section        0  printfa.o(i.__0printf)
    i.__ARM_fpclassify                       0x08001d5c   Section        0  fpclassify.o(i.__ARM_fpclassify)
    i.__ARM_fpclassifyf                      0x08001d8c   Section        0  fpclassifyf.o(i.__ARM_fpclassifyf)
    i.__hardfp_asin                          0x08001db8   Section        0  asin.o(i.__hardfp_asin)
    i.__hardfp_atan2f                        0x08002118   Section        0  atan2f.o(i.__hardfp_atan2f)
    i.__kernel_poly                          0x08002368   Section        0  poly.o(i.__kernel_poly)
    i.__mathlib_dbl_infnan                   0x08002460   Section        0  dunder.o(i.__mathlib_dbl_infnan)
    i.__mathlib_dbl_invalid                  0x08002478   Section        0  dunder.o(i.__mathlib_dbl_invalid)
    i.__mathlib_dbl_underflow                0x08002498   Section        0  dunder.o(i.__mathlib_dbl_underflow)
    i.__mathlib_flt_infnan2                  0x080024b8   Section        0  funder.o(i.__mathlib_flt_infnan2)
    i.__mathlib_flt_underflow                0x080024c0   Section        0  funder.o(i.__mathlib_flt_underflow)
    i.__scatterload_copy                     0x080024d0   Section       14  handlers.o(i.__scatterload_copy)
    i.__scatterload_null                     0x080024de   Section        2  handlers.o(i.__scatterload_null)
    i.__scatterload_zeroinit                 0x080024e0   Section       14  handlers.o(i.__scatterload_zeroinit)
    i.__set_errno                            0x080024f0   Section        0  errno.o(i.__set_errno)
    i._fp_digits                             0x080024fc   Section        0  printfa.o(i._fp_digits)
    _fp_digits                               0x080024fd   Thumb Code   366  printfa.o(i._fp_digits)
    i._printf_core                           0x08002680   Section        0  printfa.o(i._printf_core)
    _printf_core                             0x08002681   Thumb Code  1744  printfa.o(i._printf_core)
    i._printf_post_padding                   0x08002d5c   Section        0  printfa.o(i._printf_post_padding)
    _printf_post_padding                     0x08002d5d   Thumb Code    36  printfa.o(i._printf_post_padding)
    i._printf_pre_padding                    0x08002d80   Section        0  printfa.o(i._printf_pre_padding)
    _printf_pre_padding                      0x08002d81   Thumb Code    46  printfa.o(i._printf_pre_padding)
    i.f_add                                  0x08002db0   Section        0  os.o(i.f_add)
    i.f_kill                                 0x08002df0   Section        0  os.o(i.f_kill)
    i.fabs                                   0x08002e20   Section        0  fabs.o(i.fabs)
    i.fputc                                  0x08002e38   Section        0  usart.o(i.fputc)
    i.free                                   0x08002e5c   Section        0  malloc.o(i.free)
    i.get_Erro                               0x08002eac   Section        0  motion.o(i.get_Erro)
    i.get_b                                  0x08002f08   Section        0  motion.o(i.get_b)
    i.hearByte                               0x08002f54   Section        0  i2c.o(i.hearByte)
    i.iic_Init                               0x08002f94   Section        0  i2c.o(i.iic_Init)
    i.iic_NoAck                              0x08002fc8   Section        0  i2c.o(i.iic_NoAck)
    i.iic_ReadByte                           0x08003010   Section        0  i2c.o(i.iic_ReadByte)
    i.iic_Start                              0x08003074   Section        0  i2c.o(i.iic_Start)
    i.iic_Stop                               0x080030c4   Section        0  i2c.o(i.iic_Stop)
    i.iic_WaitAck                            0x0800311c   Section        0  i2c.o(i.iic_WaitAck)
    i.iic_WriteByte                          0x08003188   Section        0  i2c.o(i.iic_WriteByte)
    i.main                                   0x080031f0   Section        0  main.o(i.main)
    i.malloc                                 0x08003280   Section        0  malloc.o(i.malloc)
    i.mpu9150_Adjust_Val                     0x080032ec   Section        0  mpu.o(i.mpu9150_Adjust_Val)
    i.mpu9150_Init                           0x08003530   Section        0  mpu.o(i.mpu9150_Init)
    i.mpu9150_RawData                        0x0800357c   Section        0  mpu.o(i.mpu9150_RawData)
    i.mpu9150_Read                           0x08003678   Section        0  mpu.o(i.mpu9150_Read)
    i.os_run                                 0x08003754   Section        0  os.o(i.os_run)
    i.os_start                               0x080037a0   Section        0  os.o(i.os_start)
    i.setByte                                0x08003818   Section        0  i2c.o(i.setByte)
    i.sqrt                                   0x0800384a   Section        0  sqrt_full.o(i.sqrt)
    i.tim_1ms                                0x080038b8   Section        0  os.o(i.tim_1ms)
    i.update_mat                             0x0800390c   Section        0  motion.o(i.update_mat)
    i.update_q                               0x08003a62   Section        0  motion.o(i.update_q)
    i.w_adjust                               0x08003bfa   Section        0  motion.o(i.w_adjust)
    .constdata                               0x08003c90   Section       24  mpu.o(.constdata)
    .constdata                               0x08003ca8   Section     2052  arm_common_tables.o(.constdata)
    .constdata                               0x080044b0   Section       80  asin.o(.constdata)
    pS                                       0x080044b0   Data          48  asin.o(.constdata)
    qS                                       0x080044e0   Data          32  asin.o(.constdata)
    .data                                    0x20000000   Section       16  stm32f4xx_rcc.o(.data)
    APBAHBPrescTable                         0x20000000   Data          16  stm32f4xx_rcc.o(.data)
    .data                                    0x20000010   Section       20  system_stm32f4xx.o(.data)
    .data                                    0x20000024   Section        4  stm32f4xx_it.o(.data)
    .data                                    0x20000028   Section       16  motion.o(.data)
    Int                                      0x20000034   Data           4  motion.o(.data)
    .data                                    0x20000038   Section        8  math.o(.data)
    .data                                    0x20000040   Section        4  stdout.o(.data)
    .data                                    0x20000044   Section        4  mvars.o(.data)
    .data                                    0x20000048   Section        4  mvars.o(.data)
    .data                                    0x2000004c   Section        4  errno.o(.data)
    _errno                                   0x2000004c   Data           4  errno.o(.data)
    .bss                                     0x20000050   Section      248  main.o(.bss)
    .bss                                     0x20000148   Section      160  os.o(.bss)
    HEAP                                     0x200001e8   Section      512  startup_stm32f40_41xxx.o(HEAP)
    STACK                                    0x200003e8   Section     1024  startup_stm32f40_41xxx.o(STACK)

    Global Symbols

    Symbol Name                              Value     Ov Type        Size  Object(Section)

    BuildAttributes$$THM_ISAv4$E$P$D$K$B$S$7EM$VFPi3$EXTD16$VFPS$VFMA$PE$A:L22UL41UL21$X:L11$S22US41US21$IEEE1$IW$USESV6$~STKCKD$USESV7$~SHL$OTIME$ROPI$IEEEX$EBA8$MICROLIB$REQ8$PRES8$EABIv2 0x00000000   Number         0  anon$$obj.o ABSOLUTE
    __ARM_use_no_argv                        0x00000000   Number         0  main.o ABSOLUTE
    _printf_a                                0x00000000   Number         0  stubs.o ABSOLUTE
    _printf_c                                0x00000000   Number         0  stubs.o ABSOLUTE
    _printf_charcount                        0x00000000   Number         0  stubs.o ABSOLUTE
    _printf_d                                0x00000000   Number         0  stubs.o ABSOLUTE
    _printf_e                                0x00000000   Number         0  stubs.o ABSOLUTE
    _printf_f                                0x00000000   Number         0  stubs.o ABSOLUTE
    _printf_flags                            0x00000000   Number         0  stubs.o ABSOLUTE
    _printf_fp_dec                           0x00000000   Number         0  stubs.o ABSOLUTE
    _printf_fp_hex                           0x00000000   Number         0  stubs.o ABSOLUTE
    _printf_g                                0x00000000   Number         0  stubs.o ABSOLUTE
    _printf_i                                0x00000000   Number         0  stubs.o ABSOLUTE
    _printf_int_dec                          0x00000000   Number         0  stubs.o ABSOLUTE
    _printf_l                                0x00000000   Number         0  stubs.o ABSOLUTE
    _printf_lc                               0x00000000   Number         0  stubs.o ABSOLUTE
    _printf_ll                               0x00000000   Number         0  stubs.o ABSOLUTE
    _printf_lld                              0x00000000   Number         0  stubs.o ABSOLUTE
    _printf_lli                              0x00000000   Number         0  stubs.o ABSOLUTE
    _printf_llo                              0x00000000   Number         0  stubs.o ABSOLUTE
    _printf_llu                              0x00000000   Number         0  stubs.o ABSOLUTE
    _printf_llx                              0x00000000   Number         0  stubs.o ABSOLUTE
    _printf_longlong_dec                     0x00000000   Number         0  stubs.o ABSOLUTE
    _printf_longlong_hex                     0x00000000   Number         0  stubs.o ABSOLUTE
    _printf_longlong_oct                     0x00000000   Number         0  stubs.o ABSOLUTE
    _printf_ls                               0x00000000   Number         0  stubs.o ABSOLUTE
    _printf_mbtowc                           0x00000000   Number         0  stubs.o ABSOLUTE
    _printf_n                                0x00000000   Number         0  stubs.o ABSOLUTE
    _printf_o                                0x00000000   Number         0  stubs.o ABSOLUTE
    _printf_p                                0x00000000   Number         0  stubs.o ABSOLUTE
    _printf_percent                          0x00000000   Number         0  stubs.o ABSOLUTE
    _printf_pre_padding                      0x00000000   Number         0  stubs.o ABSOLUTE
    _printf_return_value                     0x00000000   Number         0  stubs.o ABSOLUTE
    _printf_s                                0x00000000   Number         0  stubs.o ABSOLUTE
    _printf_sizespec                         0x00000000   Number         0  stubs.o ABSOLUTE
    _printf_str                              0x00000000   Number         0  stubs.o ABSOLUTE
    _printf_truncate_signed                  0x00000000   Number         0  stubs.o ABSOLUTE
    _printf_truncate_unsigned                0x00000000   Number         0  stubs.o ABSOLUTE
    _printf_u                                0x00000000   Number         0  stubs.o ABSOLUTE
    _printf_wc                               0x00000000   Number         0  stubs.o ABSOLUTE
    _printf_wctomb                           0x00000000   Number         0  stubs.o ABSOLUTE
    _printf_widthprec                        0x00000000   Number         0  stubs.o ABSOLUTE
    _printf_x                                0x00000000   Number         0  stubs.o ABSOLUTE
    __cpp_initialize__aeabi_                  - Undefined Weak Reference
    __cxa_finalize                            - Undefined Weak Reference
    __decompress                              - Undefined Weak Reference
    _clock_init                               - Undefined Weak Reference
    _microlib_exit                            - Undefined Weak Reference
    __Vectors_Size                           0x00000188   Number         0  startup_stm32f40_41xxx.o ABSOLUTE
    __Vectors                                0x08000000   Data           4  startup_stm32f40_41xxx.o(RESET)
    __Vectors_End                            0x08000188   Data           0  startup_stm32f40_41xxx.o(RESET)
    __main                                   0x08000189   Thumb Code     0  entry.o(.ARM.Collect$$$$00000000)
    _main_stk                                0x08000189   Thumb Code     0  entry2.o(.ARM.Collect$$$$00000001)
    _main_scatterload                        0x0800018d   Thumb Code     0  entry5.o(.ARM.Collect$$$$00000004)
    __main_after_scatterload                 0x08000191   Thumb Code     0  entry5.o(.ARM.Collect$$$$00000004)
    _main_clock                              0x08000191   Thumb Code     0  entry7b.o(.ARM.Collect$$$$00000008)
    _main_cpp_init                           0x08000191   Thumb Code     0  entry8b.o(.ARM.Collect$$$$0000000A)
    _main_init                               0x08000191   Thumb Code     0  entry9a.o(.ARM.Collect$$$$0000000B)
    __rt_final_cpp                           0x08000199   Thumb Code     0  entry10a.o(.ARM.Collect$$$$0000000D)
    __rt_final_exit                          0x08000199   Thumb Code     0  entry11a.o(.ARM.Collect$$$$0000000F)
    Reset_Handler                            0x0800019d   Thumb Code     8  startup_stm32f40_41xxx.o(.text)
    ADC_IRQHandler                           0x080001b7   Thumb Code     0  startup_stm32f40_41xxx.o(.text)
    CAN1_RX0_IRQHandler                      0x080001b7   Thumb Code     0  startup_stm32f40_41xxx.o(.text)
    CAN1_RX1_IRQHandler                      0x080001b7   Thumb Code     0  startup_stm32f40_41xxx.o(.text)
    CAN1_SCE_IRQHandler                      0x080001b7   Thumb Code     0  startup_stm32f40_41xxx.o(.text)
    CAN1_TX_IRQHandler                       0x080001b7   Thumb Code     0  startup_stm32f40_41xxx.o(.text)
    CAN2_RX0_IRQHandler                      0x080001b7   Thumb Code     0  startup_stm32f40_41xxx.o(.text)
    CAN2_RX1_IRQHandler                      0x080001b7   Thumb Code     0  startup_stm32f40_41xxx.o(.text)
    CAN2_SCE_IRQHandler                      0x080001b7   Thumb Code     0  startup_stm32f40_41xxx.o(.text)
    CAN2_TX_IRQHandler                       0x080001b7   Thumb Code     0  startup_stm32f40_41xxx.o(.text)
    CRYP_IRQHandler                          0x080001b7   Thumb Code     0  startup_stm32f40_41xxx.o(.text)
    DCMI_IRQHandler                          0x080001b7   Thumb Code     0  startup_stm32f40_41xxx.o(.text)
    DMA1_Stream0_IRQHandler                  0x080001b7   Thumb Code     0  startup_stm32f40_41xxx.o(.text)
    DMA1_Stream1_IRQHandler                  0x080001b7   Thumb Code     0  startup_stm32f40_41xxx.o(.text)
    DMA1_Stream2_IRQHandler                  0x080001b7   Thumb Code     0  startup_stm32f40_41xxx.o(.text)
    DMA1_Stream3_IRQHandler                  0x080001b7   Thumb Code     0  startup_stm32f40_41xxx.o(.text)
    DMA1_Stream4_IRQHandler                  0x080001b7   Thumb Code     0  startup_stm32f40_41xxx.o(.text)
    DMA1_Stream5_IRQHandler                  0x080001b7   Thumb Code     0  startup_stm32f40_41xxx.o(.text)
    DMA1_Stream6_IRQHandler                  0x080001b7   Thumb Code     0  startup_stm32f40_41xxx.o(.text)
    DMA1_Stream7_IRQHandler                  0x080001b7   Thumb Code     0  startup_stm32f40_41xxx.o(.text)
    DMA2_Stream0_IRQHandler                  0x080001b7   Thumb Code     0  startup_stm32f40_41xxx.o(.text)
    DMA2_Stream1_IRQHandler                  0x080001b7   Thumb Code     0  startup_stm32f40_41xxx.o(.text)
    DMA2_Stream2_IRQHandler                  0x080001b7   Thumb Code     0  startup_stm32f40_41xxx.o(.text)
    DMA2_Stream3_IRQHandler                  0x080001b7   Thumb Code     0  startup_stm32f40_41xxx.o(.text)
    DMA2_Stream4_IRQHandler                  0x080001b7   Thumb Code     0  startup_stm32f40_41xxx.o(.text)
    DMA2_Stream5_IRQHandler                  0x080001b7   Thumb Code     0  startup_stm32f40_41xxx.o(.text)
    DMA2_Stream6_IRQHandler                  0x080001b7   Thumb Code     0  startup_stm32f40_41xxx.o(.text)
    DMA2_Stream7_IRQHandler                  0x080001b7   Thumb Code     0  startup_stm32f40_41xxx.o(.text)
    ETH_IRQHandler                           0x080001b7   Thumb Code     0  startup_stm32f40_41xxx.o(.text)
    ETH_WKUP_IRQHandler                      0x080001b7   Thumb Code     0  startup_stm32f40_41xxx.o(.text)
    EXTI0_IRQHandler                         0x080001b7   Thumb Code     0  startup_stm32f40_41xxx.o(.text)
    EXTI15_10_IRQHandler                     0x080001b7   Thumb Code     0  startup_stm32f40_41xxx.o(.text)
    EXTI1_IRQHandler                         0x080001b7   Thumb Code     0  startup_stm32f40_41xxx.o(.text)
    EXTI2_IRQHandler                         0x080001b7   Thumb Code     0  startup_stm32f40_41xxx.o(.text)
    EXTI3_IRQHandler                         0x080001b7   Thumb Code     0  startup_stm32f40_41xxx.o(.text)
    EXTI4_IRQHandler                         0x080001b7   Thumb Code     0  startup_stm32f40_41xxx.o(.text)
    EXTI9_5_IRQHandler                       0x080001b7   Thumb Code     0  startup_stm32f40_41xxx.o(.text)
    FLASH_IRQHandler                         0x080001b7   Thumb Code     0  startup_stm32f40_41xxx.o(.text)
    FPU_IRQHandler                           0x080001b7   Thumb Code     0  startup_stm32f40_41xxx.o(.text)
    FSMC_IRQHandler                          0x080001b7   Thumb Code     0  startup_stm32f40_41xxx.o(.text)
    HASH_RNG_IRQHandler                      0x080001b7   Thumb Code     0  startup_stm32f40_41xxx.o(.text)
    I2C1_ER_IRQHandler                       0x080001b7   Thumb Code     0  startup_stm32f40_41xxx.o(.text)
    I2C1_EV_IRQHandler                       0x080001b7   Thumb Code     0  startup_stm32f40_41xxx.o(.text)
    I2C2_ER_IRQHandler                       0x080001b7   Thumb Code     0  startup_stm32f40_41xxx.o(.text)
    I2C2_EV_IRQHandler                       0x080001b7   Thumb Code     0  startup_stm32f40_41xxx.o(.text)
    I2C3_ER_IRQHandler                       0x080001b7   Thumb Code     0  startup_stm32f40_41xxx.o(.text)
    I2C3_EV_IRQHandler                       0x080001b7   Thumb Code     0  startup_stm32f40_41xxx.o(.text)
    OTG_FS_IRQHandler                        0x080001b7   Thumb Code     0  startup_stm32f40_41xxx.o(.text)
    OTG_FS_WKUP_IRQHandler                   0x080001b7   Thumb Code     0  startup_stm32f40_41xxx.o(.text)
    OTG_HS_EP1_IN_IRQHandler                 0x080001b7   Thumb Code     0  startup_stm32f40_41xxx.o(.text)
    OTG_HS_EP1_OUT_IRQHandler                0x080001b7   Thumb Code     0  startup_stm32f40_41xxx.o(.text)
    OTG_HS_IRQHandler                        0x080001b7   Thumb Code     0  startup_stm32f40_41xxx.o(.text)
    OTG_HS_WKUP_IRQHandler                   0x080001b7   Thumb Code     0  startup_stm32f40_41xxx.o(.text)
    PVD_IRQHandler                           0x080001b7   Thumb Code     0  startup_stm32f40_41xxx.o(.text)
    RCC_IRQHandler                           0x080001b7   Thumb Code     0  startup_stm32f40_41xxx.o(.text)
    RTC_Alarm_IRQHandler                     0x080001b7   Thumb Code     0  startup_stm32f40_41xxx.o(.text)
    RTC_WKUP_IRQHandler                      0x080001b7   Thumb Code     0  startup_stm32f40_41xxx.o(.text)
    SDIO_IRQHandler                          0x080001b7   Thumb Code     0  startup_stm32f40_41xxx.o(.text)
    SPI1_IRQHandler                          0x080001b7   Thumb Code     0  startup_stm32f40_41xxx.o(.text)
    SPI2_IRQHandler                          0x080001b7   Thumb Code     0  startup_stm32f40_41xxx.o(.text)
    SPI3_IRQHandler                          0x080001b7   Thumb Code     0  startup_stm32f40_41xxx.o(.text)
    TAMP_STAMP_IRQHandler                    0x080001b7   Thumb Code     0  startup_stm32f40_41xxx.o(.text)
    TIM1_BRK_TIM9_IRQHandler                 0x080001b7   Thumb Code     0  startup_stm32f40_41xxx.o(.text)
    TIM1_CC_IRQHandler                       0x080001b7   Thumb Code     0  startup_stm32f40_41xxx.o(.text)
    TIM1_TRG_COM_TIM11_IRQHandler            0x080001b7   Thumb Code     0  startup_stm32f40_41xxx.o(.text)
    TIM1_UP_TIM10_IRQHandler                 0x080001b7   Thumb Code     0  startup_stm32f40_41xxx.o(.text)
    TIM3_IRQHandler                          0x080001b7   Thumb Code     0  startup_stm32f40_41xxx.o(.text)
    TIM4_IRQHandler                          0x080001b7   Thumb Code     0  startup_stm32f40_41xxx.o(.text)
    TIM5_IRQHandler                          0x080001b7   Thumb Code     0  startup_stm32f40_41xxx.o(.text)
    TIM6_DAC_IRQHandler                      0x080001b7   Thumb Code     0  startup_stm32f40_41xxx.o(.text)
    TIM7_IRQHandler                          0x080001b7   Thumb Code     0  startup_stm32f40_41xxx.o(.text)
    TIM8_BRK_TIM12_IRQHandler                0x080001b7   Thumb Code     0  startup_stm32f40_41xxx.o(.text)
    TIM8_CC_IRQHandler                       0x080001b7   Thumb Code     0  startup_stm32f40_41xxx.o(.text)
    TIM8_TRG_COM_TIM14_IRQHandler            0x080001b7   Thumb Code     0  startup_stm32f40_41xxx.o(.text)
    TIM8_UP_TIM13_IRQHandler                 0x080001b7   Thumb Code     0  startup_stm32f40_41xxx.o(.text)
    UART4_IRQHandler                         0x080001b7   Thumb Code     0  startup_stm32f40_41xxx.o(.text)
    UART5_IRQHandler                         0x080001b7   Thumb Code     0  startup_stm32f40_41xxx.o(.text)
    USART2_IRQHandler                        0x080001b7   Thumb Code     0  startup_stm32f40_41xxx.o(.text)
    USART3_IRQHandler                        0x080001b7   Thumb Code     0  startup_stm32f40_41xxx.o(.text)
    USART6_IRQHandler                        0x080001b7   Thumb Code     0  startup_stm32f40_41xxx.o(.text)
    WWDG_IRQHandler                          0x080001b7   Thumb Code     0  startup_stm32f40_41xxx.o(.text)
    arm_cos_f32                              0x080001c1   Thumb Code   108  arm_cos_f32.o(.text)
    arm_sin_f32                              0x08000239   Thumb Code   104  arm_sin_f32.o(.text)
    arm_mat_init_f32                         0x080002ad   Thumb Code     8  arm_mat_init_f32.o(.text)
    arm_mat_mult_f32                         0x080002b5   Thumb Code   312  arm_mat_mult_f32.o(.text)
    arm_power_f32                            0x080003f1   Thumb Code   198  arm_power_f32.o(.text)
    __aeabi_memcpy                           0x080004bd   Thumb Code    36  memcpya.o(.text)
    __aeabi_memcpy4                          0x080004bd   Thumb Code     0  memcpya.o(.text)
    __aeabi_memcpy8                          0x080004bd   Thumb Code     0  memcpya.o(.text)
    __aeabi_f2d                              0x080004e1   Thumb Code    38  f2d.o(.text)
    __aeabi_d2f                              0x08000507   Thumb Code    56  d2f.o(.text)
    __aeabi_uidiv                            0x0800053f   Thumb Code     0  uidiv.o(.text)
    __aeabi_uidivmod                         0x0800053f   Thumb Code    44  uidiv.o(.text)
    __aeabi_uldivmod                         0x0800056b   Thumb Code    98  uldiv.o(.text)
    __I$use$fp                               0x080005cd   Thumb Code     0  iusefp.o(.text)
    _float_round                             0x080005cd   Thumb Code    18  fepilogue.o(.text)
    _float_epilogue                          0x080005df   Thumb Code    92  fepilogue.o(.text)
    __aeabi_dadd                             0x0800063b   Thumb Code   322  dadd.o(.text)
    __aeabi_dsub                             0x0800077d   Thumb Code     6  dadd.o(.text)
    __aeabi_drsub                            0x08000783   Thumb Code     6  dadd.o(.text)
    __aeabi_dmul                             0x08000789   Thumb Code   228  dmul.o(.text)
    __aeabi_ddiv                             0x0800086d   Thumb Code   222  ddiv.o(.text)
    __aeabi_d2ulz                            0x0800094b   Thumb Code    48  dfixul.o(.text)
    __aeabi_cdrcmple                         0x0800097d   Thumb Code    48  cdrcmple.o(.text)
    __scatterload                            0x080009ad   Thumb Code    28  init.o(.text)
    __scatterload_rt2                        0x080009ad   Thumb Code     0  init.o(.text)
    __aeabi_llsl                             0x080009d1   Thumb Code    30  llshl.o(.text)
    _ll_shift_l                              0x080009d1   Thumb Code     0  llshl.o(.text)
    __aeabi_llsr                             0x080009ef   Thumb Code    32  llushr.o(.text)
    _ll_ushift_r                             0x080009ef   Thumb Code     0  llushr.o(.text)
    __aeabi_lasr                             0x08000a0f   Thumb Code    36  llsshr.o(.text)
    _ll_sshift_r                             0x08000a0f   Thumb Code     0  llsshr.o(.text)
    _double_round                            0x08000a33   Thumb Code    30  depilogue.o(.text)
    _double_epilogue                         0x08000a51   Thumb Code   156  depilogue.o(.text)
    _dsqrt                                   0x08000aed   Thumb Code   162  dsqrt.o(.text)
    AK8975_Adjust_Val                        0x08000b8f   Thumb Code    46  mpu.o(i.AK8975_Adjust_Val)
    BSP_Init                                 0x08000bbd   Thumb Code   104  bsp.o(i.BSP_Init)
    BusFault_Handler                         0x08000c35   Thumb Code     4  stm32f4xx_it.o(i.BusFault_Handler)
    Cross_Product3                           0x08000c39   Thumb Code    86  math.o(i.Cross_Product3)
    DebugMon_Handler                         0x08000c8f   Thumb Code     2  stm32f4xx_it.o(i.DebugMon_Handler)
    Delay                                    0x08000c91   Thumb Code    38  i2c.o(i.Delay)
    Erro_pi                                  0x08000cbd   Thumb Code    46  motion.o(i.Erro_pi)
    Euler2Q                                  0x08000cf9   Thumb Code   448  math.o(i.Euler2Q)
    GPIO_Init                                0x08000ec1   Thumb Code   144  stm32f4xx_gpio.o(i.GPIO_Init)
    GPIO_PinAFConfig                         0x08000f51   Thumb Code    70  stm32f4xx_gpio.o(i.GPIO_PinAFConfig)
    GPIO_ReadInputDataBit                    0x08000f97   Thumb Code    18  stm32f4xx_gpio.o(i.GPIO_ReadInputDataBit)
    HardFault_Handler                        0x08000fa9   Thumb Code     4  stm32f4xx_it.o(i.HardFault_Handler)
    MemManage_Handler                        0x08000fad   Thumb Code     4  stm32f4xx_it.o(i.MemManage_Handler)
    Motion_Detect                            0x08000fb1   Thumb Code   192  motion.o(i.Motion_Detect)
    Motion_Detection                         0x08001079   Thumb Code    10  main.o(i.Motion_Detection)
    Motion_Init                              0x08001089   Thumb Code   222  motion.o(i.Motion_Init)
    Motion_Update_Sensor                     0x0800116d   Thumb Code   142  motion.o(i.Motion_Update_Sensor)
    NMI_Handler                              0x080011fb   Thumb Code     2  stm32f4xx_it.o(i.NMI_Handler)
    NVIC_Configuration                       0x080011fd   Thumb Code    64  bsp.o(i.NVIC_Configuration)
    NVIC_Init                                0x0800123d   Thumb Code   106  misc.o(i.NVIC_Init)
    Normalize                                0x080012b5   Thumb Code   124  math.o(i.Normalize)
    PendSV_Handler                           0x08001335   Thumb Code     2  stm32f4xx_it.o(i.PendSV_Handler)
    Q2Euler                                  0x08001339   Thumb Code   298  math.o(i.Q2Euler)
    Q_rsqrt                                  0x08001471   Thumb Code    84  math.o(i.Q_rsqrt)
    R2Quater                                 0x080014c9   Thumb Code   338  math.o(i.R2Quater)
    RCC_AHB1PeriphClockCmd                   0x08001621   Thumb Code    26  stm32f4xx_rcc.o(i.RCC_AHB1PeriphClockCmd)
    RCC_APB1PeriphClockCmd                   0x08001641   Thumb Code    26  stm32f4xx_rcc.o(i.RCC_APB1PeriphClockCmd)
    RCC_APB2PeriphClockCmd                   0x08001661   Thumb Code    26  stm32f4xx_rcc.o(i.RCC_APB2PeriphClockCmd)
    RCC_GetClocksFreq                        0x08001681   Thumb Code   214  stm32f4xx_rcc.o(i.RCC_GetClocksFreq)
    SVC_Handler                              0x08001769   Thumb Code     2  stm32f4xx_it.o(i.SVC_Handler)
    SysTick_Handler                          0x08001859   Thumb Code    36  stm32f4xx_it.o(i.SysTick_Handler)
    SystemInit                               0x08001881   Thumb Code    88  system_stm32f4xx.o(i.SystemInit)
    TIM2_IRQHandler                          0x080018e9   Thumb Code    26  stm32f4xx_it.o(i.TIM2_IRQHandler)
    TIM_ClearITPendingBit                    0x08001903   Thumb Code     6  stm32f4xx_tim.o(i.TIM_ClearITPendingBit)
    TIM_Cmd                                  0x08001909   Thumb Code    24  stm32f4xx_tim.o(i.TIM_Cmd)
    TIM_GetITStatus                          0x08001921   Thumb Code    34  stm32f4xx_tim.o(i.TIM_GetITStatus)
    TIM_ITConfig                             0x08001943   Thumb Code    18  stm32f4xx_tim.o(i.TIM_ITConfig)
    TIM_TimeBaseInit                         0x08001955   Thumb Code   104  stm32f4xx_tim.o(i.TIM_TimeBaseInit)
    TIM_TimeBaseStructInit                   0x080019d9   Thumb Code    18  stm32f4xx_tim.o(i.TIM_TimeBaseStructInit)
    USART1_IRQHandler                        0x080019ed   Thumb Code    30  stm32f4xx_it.o(i.USART1_IRQHandler)
    USART1_SendByte                          0x08001a11   Thumb Code    28  usart.o(i.USART1_SendByte)
    USART_ClearFlag                          0x08001a31   Thumb Code    18  stm32f4xx_usart.o(i.USART_ClearFlag)
    USART_Cmd                                0x08001a43   Thumb Code    24  stm32f4xx_usart.o(i.USART_Cmd)
    USART_Configuration                      0x08001a5d   Thumb Code    98  usart.o(i.USART_Configuration)
    USART_GPIO_Configuration                 0x08001ac9   Thumb Code   126  usart.o(i.USART_GPIO_Configuration)
    USART_GetFlagStatus                      0x08001b51   Thumb Code    26  stm32f4xx_usart.o(i.USART_GetFlagStatus)
    USART_GetITStatus                        0x08001b6b   Thumb Code    84  stm32f4xx_usart.o(i.USART_GetITStatus)
    USART_ITConfig                           0x08001bbf   Thumb Code    74  stm32f4xx_usart.o(i.USART_ITConfig)
    USART_Init                               0x08001c09   Thumb Code   204  stm32f4xx_usart.o(i.USART_Init)
    USART_Initialize                         0x08001cdd   Thumb Code    12  usart.o(i.USART_Initialize)
    USART_ReceiveData                        0x08001ce9   Thumb Code    10  stm32f4xx_usart.o(i.USART_ReceiveData)
    USART_SendData                           0x08001cf3   Thumb Code     8  stm32f4xx_usart.o(i.USART_SendData)
    UsageFault_Handler                       0x08001cfb   Thumb Code     4  stm32f4xx_it.o(i.UsageFault_Handler)
    Vector_Rotation                          0x08001cff   Thumb Code    60  math.o(i.Vector_Rotation)
    __0printf                                0x08001d3d   Thumb Code    22  printfa.o(i.__0printf)
    __1printf                                0x08001d3d   Thumb Code     0  printfa.o(i.__0printf)
    __2printf                                0x08001d3d   Thumb Code     0  printfa.o(i.__0printf)
    __c89printf                              0x08001d3d   Thumb Code     0  printfa.o(i.__0printf)
    printf                                   0x08001d3d   Thumb Code     0  printfa.o(i.__0printf)
    __ARM_fpclassify                         0x08001d5d   Thumb Code    48  fpclassify.o(i.__ARM_fpclassify)
    __ARM_fpclassifyf                        0x08001d8d   Thumb Code    38  fpclassifyf.o(i.__ARM_fpclassifyf)
    __hardfp_asin                            0x08001db9   Thumb Code   770  asin.o(i.__hardfp_asin)
    __hardfp_atan2f                          0x08002119   Thumb Code   502  atan2f.o(i.__hardfp_atan2f)
    __kernel_poly                            0x08002369   Thumb Code   248  poly.o(i.__kernel_poly)
    __mathlib_dbl_infnan                     0x08002461   Thumb Code    20  dunder.o(i.__mathlib_dbl_infnan)
    __mathlib_dbl_invalid                    0x08002479   Thumb Code    24  dunder.o(i.__mathlib_dbl_invalid)
    __mathlib_dbl_underflow                  0x08002499   Thumb Code    24  dunder.o(i.__mathlib_dbl_underflow)
    __mathlib_flt_infnan2                    0x080024b9   Thumb Code     6  funder.o(i.__mathlib_flt_infnan2)
    __mathlib_flt_underflow                  0x080024c1   Thumb Code    10  funder.o(i.__mathlib_flt_underflow)
    __scatterload_copy                       0x080024d1   Thumb Code    14  handlers.o(i.__scatterload_copy)
    __scatterload_null                       0x080024df   Thumb Code     2  handlers.o(i.__scatterload_null)
    __scatterload_zeroinit                   0x080024e1   Thumb Code    14  handlers.o(i.__scatterload_zeroinit)
    __set_errno                              0x080024f1   Thumb Code     6  errno.o(i.__set_errno)
    f_add                                    0x08002db1   Thumb Code    60  os.o(i.f_add)
    f_kill                                   0x08002df1   Thumb Code    44  os.o(i.f_kill)
    fabs                                     0x08002e21   Thumb Code    24  fabs.o(i.fabs)
    fputc                                    0x08002e39   Thumb Code    32  usart.o(i.fputc)
    free                                     0x08002e5d   Thumb Code    76  malloc.o(i.free)
    get_Erro                                 0x08002ead   Thumb Code    92  motion.o(i.get_Erro)
    get_b                                    0x08002f09   Thumb Code    72  motion.o(i.get_b)
    hearByte                                 0x08002f55   Thumb Code    64  i2c.o(i.hearByte)
    iic_Init                                 0x08002f95   Thumb Code    48  i2c.o(i.iic_Init)
    iic_NoAck                                0x08002fc9   Thumb Code    68  i2c.o(i.iic_NoAck)
    iic_ReadByte                             0x08003011   Thumb Code    96  i2c.o(i.iic_ReadByte)
    iic_Start                                0x08003075   Thumb Code    76  i2c.o(i.iic_Start)
    iic_Stop                                 0x080030c5   Thumb Code    82  i2c.o(i.iic_Stop)
    iic_WaitAck                              0x0800311d   Thumb Code   102  i2c.o(i.iic_WaitAck)
    iic_WriteByte                            0x08003189   Thumb Code   100  i2c.o(i.iic_WriteByte)
    main                                     0x080031f1   Thumb Code   122  main.o(i.main)
    malloc                                   0x08003281   Thumb Code    92  malloc.o(i.malloc)
    mpu9150_Adjust_Val                       0x080032ed   Thumb Code   572  mpu.o(i.mpu9150_Adjust_Val)
    mpu9150_Init                             0x08003531   Thumb Code    74  mpu.o(i.mpu9150_Init)
    mpu9150_RawData                          0x0800357d   Thumb Code   234  mpu.o(i.mpu9150_RawData)
    mpu9150_Read                             0x08003679   Thumb Code   220  mpu.o(i.mpu9150_Read)
    os_run                                   0x08003755   Thumb Code    70  os.o(i.os_run)
    os_start                                 0x080037a1   Thumb Code   112  os.o(i.os_start)
    setByte                                  0x08003819   Thumb Code    50  i2c.o(i.setByte)
    sqrt                                     0x0800384b   Thumb Code   110  sqrt_full.o(i.sqrt)
    tim_1ms                                  0x080038b9   Thumb Code    78  os.o(i.tim_1ms)
    update_mat                               0x0800390d   Thumb Code   342  motion.o(i.update_mat)
    update_q                                 0x08003a63   Thumb Code   408  motion.o(i.update_q)
    w_adjust                                 0x08003bfb   Thumb Code   150  motion.o(i.w_adjust)
    sinTable_f32                             0x08003ca8   Data        2052  arm_common_tables.o(.constdata)
    Region$$Table$$Base                      0x08004500   Number         0  anon$$obj.o(Region$$Table)
    Region$$Table$$Limit                     0x08004520   Number         0  anon$$obj.o(Region$$Table)
    SystemCoreClock                          0x20000010   Data           4  system_stm32f4xx.o(.data)
    AHBPrescTable                            0x20000014   Data          16  system_stm32f4xx.o(.data)
    Sys_tick                                 0x20000024   Data           4  stm32f4xx_it.o(.data)
    g                                        0x20000028   Data          12  motion.o(.data)
    e_i                                      0x20000038   Data           4  math.o(.data)
    e_p                                      0x2000003c   Data           4  math.o(.data)
    __stdout                                 0x20000040   Data           4  stdout.o(.data)
    __microlib_freelist                      0x20000044   Data           4  mvars.o(.data)
    __microlib_freelist_initialised          0x20000048   Data           4  mvars.o(.data)
    motion                                   0x20000050   Data         236  main.o(.bss)
    init_e                                   0x2000013c   Data          12  main.o(.bss)
    os_Tasks                                 0x20000148   Data         160  os.o(.bss)
    __heap_base                              0x200001e8   Data           0  startup_stm32f40_41xxx.o(HEAP)
    __heap_limit                             0x200003e8   Data           0  startup_stm32f40_41xxx.o(HEAP)
    __initial_sp                             0x200007e8   Data           0  startup_stm32f40_41xxx.o(STACK)



==============================================================================

Memory Map of the image

  Image Entry point : 0x08000189

  Load Region LR_IROM1 (Base: 0x08000000, Size: 0x00004570, Max: 0x00100000, ABSOLUTE)

    Execution Region ER_IROM1 (Base: 0x08000000, Size: 0x00004520, Max: 0x00100000, ABSOLUTE)

    Base Addr    Size         Type   Attr      Idx    E Section Name        Object

    0x08000000   0x00000188   Data   RO            3    RESET               startup_stm32f40_41xxx.o
    0x08000188   0x00000000   Code   RO         4788  * .ARM.Collect$$$$00000000  mc_w.l(entry.o)
    0x08000188   0x00000004   Code   RO         5142    .ARM.Collect$$$$00000001  mc_w.l(entry2.o)
    0x0800018c   0x00000004   Code   RO         5145    .ARM.Collect$$$$00000004  mc_w.l(entry5.o)
    0x08000190   0x00000000   Code   RO         5147    .ARM.Collect$$$$00000008  mc_w.l(entry7b.o)
    0x08000190   0x00000000   Code   RO         5149    .ARM.Collect$$$$0000000A  mc_w.l(entry8b.o)
    0x08000190   0x00000008   Code   RO         5150    .ARM.Collect$$$$0000000B  mc_w.l(entry9a.o)
    0x08000198   0x00000000   Code   RO         5152    .ARM.Collect$$$$0000000D  mc_w.l(entry10a.o)
    0x08000198   0x00000000   Code   RO         5154    .ARM.Collect$$$$0000000F  mc_w.l(entry11a.o)
    0x08000198   0x00000004   Code   RO         5143    .ARM.Collect$$$$00002712  mc_w.l(entry2.o)
    0x0800019c   0x00000024   Code   RO            4    .text               startup_stm32f40_41xxx.o
    0x080001c0   0x00000078   Code   RO         4534    .text               arm_cortexM4lf_math.lib(arm_cos_f32.o)
    0x08000238   0x00000074   Code   RO         4587    .text               arm_cortexM4lf_math.lib(arm_sin_f32.o)
    0x080002ac   0x00000008   Code   RO         4611    .text               arm_cortexM4lf_math.lib(arm_mat_init_f32.o)
    0x080002b4   0x0000013c   Code   RO         4635    .text               arm_cortexM4lf_math.lib(arm_mat_mult_f32.o)
    0x080003f0   0x000000cc   Code   RO         4659    .text               arm_cortexM4lf_math.lib(arm_power_f32.o)
    0x080004bc   0x00000024   Code   RO         4791    .text               mc_w.l(memcpya.o)
    0x080004e0   0x00000026   Code   RO         5086    .text               mf_w.l(f2d.o)
    0x08000506   0x00000038   Code   RO         5088    .text               mf_w.l(d2f.o)
    0x0800053e   0x0000002c   Code   RO         5157    .text               mc_w.l(uidiv.o)
    0x0800056a   0x00000062   Code   RO         5159    .text               mc_w.l(uldiv.o)
    0x080005cc   0x00000000   Code   RO         5170    .text               mc_w.l(iusefp.o)
    0x080005cc   0x0000006e   Code   RO         5171    .text               mf_w.l(fepilogue.o)
    0x0800063a   0x0000014e   Code   RO         5173    .text               mf_w.l(dadd.o)
    0x08000788   0x000000e4   Code   RO         5175    .text               mf_w.l(dmul.o)
    0x0800086c   0x000000de   Code   RO         5177    .text               mf_w.l(ddiv.o)
    0x0800094a   0x00000030   Code   RO         5179    .text               mf_w.l(dfixul.o)
    0x0800097a   0x00000002   PAD
    0x0800097c   0x00000030   Code   RO         5181    .text               mf_w.l(cdrcmple.o)
    0x080009ac   0x00000024   Code   RO         5183    .text               mc_w.l(init.o)
    0x080009d0   0x0000001e   Code   RO         5185    .text               mc_w.l(llshl.o)
    0x080009ee   0x00000020   Code   RO         5187    .text               mc_w.l(llushr.o)
    0x08000a0e   0x00000024   Code   RO         5189    .text               mc_w.l(llsshr.o)
    0x08000a32   0x000000ba   Code   RO         5191    .text               mf_w.l(depilogue.o)
    0x08000aec   0x000000a2   Code   RO         5193    .text               mf_w.l(dsqrt.o)
    0x08000b8e   0x0000002e   Code   RO         4267    i.AK8975_Adjust_Val  mpu.o
    0x08000bbc   0x00000078   Code   RO         3863    i.BSP_Init          bsp.o
    0x08000c34   0x00000004   Code   RO         4173    i.BusFault_Handler  stm32f4xx_it.o
    0x08000c38   0x00000056   Code   RO         4459    i.Cross_Product3    math.o
    0x08000c8e   0x00000002   Code   RO         4174    i.DebugMon_Handler  stm32f4xx_it.o
    0x08000c90   0x0000002c   Code   RO         3991    i.Delay             i2c.o
    0x08000cbc   0x0000003c   Code   RO         4378    i.Erro_pi           motion.o
    0x08000cf8   0x000001c8   Code   RO         4460    i.Euler2Q           math.o
    0x08000ec0   0x00000090   Code   RO         1360    i.GPIO_Init         stm32f4xx_gpio.o
    0x08000f50   0x00000046   Code   RO         1361    i.GPIO_PinAFConfig  stm32f4xx_gpio.o
    0x08000f96   0x00000012   Code   RO         1364    i.GPIO_ReadInputDataBit  stm32f4xx_gpio.o
    0x08000fa8   0x00000004   Code   RO         4175    i.HardFault_Handler  stm32f4xx_it.o
    0x08000fac   0x00000004   Code   RO         4176    i.MemManage_Handler  stm32f4xx_it.o
    0x08000fb0   0x000000c8   Code   RO         4379    i.Motion_Detect     motion.o
    0x08001078   0x00000010   Code   RO         4101    i.Motion_Detection  main.o
    0x08001088   0x000000e4   Code   RO         4380    i.Motion_Init       motion.o
    0x0800116c   0x0000008e   Code   RO         4381    i.Motion_Update_Sensor  motion.o
    0x080011fa   0x00000002   Code   RO         4177    i.NMI_Handler       stm32f4xx_it.o
    0x080011fc   0x00000040   Code   RO         3864    i.NVIC_Configuration  bsp.o
    0x0800123c   0x00000078   Code   RO           13    i.NVIC_Init         misc.o
    0x080012b4   0x00000080   Code   RO         4461    i.Normalize         math.o
    0x08001334   0x00000002   Code   RO         4178    i.PendSV_Handler    stm32f4xx_it.o
    0x08001336   0x00000002   PAD
    0x08001338   0x00000138   Code   RO         4462    i.Q2Euler           math.o
    0x08001470   0x00000058   Code   RO         4463    i.Q_rsqrt           math.o
    0x080014c8   0x00000158   Code   RO         4464    i.R2Quater          math.o
    0x08001620   0x00000020   Code   RO         1857    i.RCC_AHB1PeriphClockCmd  stm32f4xx_rcc.o
    0x08001640   0x00000020   Code   RO         1866    i.RCC_APB1PeriphClockCmd  stm32f4xx_rcc.o
    0x08001660   0x00000020   Code   RO         1869    i.RCC_APB2PeriphClockCmd  stm32f4xx_rcc.o
    0x08001680   0x000000e8   Code   RO         1878    i.RCC_GetClocksFreq  stm32f4xx_rcc.o
    0x08001768   0x00000002   Code   RO         4179    i.SVC_Handler       stm32f4xx_it.o
    0x0800176a   0x00000002   PAD
    0x0800176c   0x000000ec   Code   RO         3803    i.SetSysClock       system_stm32f4xx.o
    0x08001858   0x00000028   Code   RO         4180    i.SysTick_Handler   stm32f4xx_it.o
    0x08001880   0x00000068   Code   RO         3805    i.SystemInit        system_stm32f4xx.o
    0x080018e8   0x0000001a   Code   RO         4181    i.TIM2_IRQHandler   stm32f4xx_it.o
    0x08001902   0x00000006   Code   RO         2990    i.TIM_ClearITPendingBit  stm32f4xx_tim.o
    0x08001908   0x00000018   Code   RO         2995    i.TIM_Cmd           stm32f4xx_tim.o
    0x08001920   0x00000022   Code   RO         3016    i.TIM_GetITStatus   stm32f4xx_tim.o
    0x08001942   0x00000012   Code   RO         3020    i.TIM_ITConfig      stm32f4xx_tim.o
    0x08001954   0x00000084   Code   RO         3067    i.TIM_TimeBaseInit  stm32f4xx_tim.o
    0x080019d8   0x00000012   Code   RO         3068    i.TIM_TimeBaseStructInit  stm32f4xx_tim.o
    0x080019ea   0x00000002   PAD
    0x080019ec   0x00000024   Code   RO         4182    i.USART1_IRQHandler  stm32f4xx_it.o
    0x08001a10   0x00000020   Code   RO         3907    i.USART1_SendByte   usart.o
    0x08001a30   0x00000012   Code   RO         3545    i.USART_ClearFlag   stm32f4xx_usart.o
    0x08001a42   0x00000018   Code   RO         3549    i.USART_Cmd         stm32f4xx_usart.o
    0x08001a5a   0x00000002   PAD
    0x08001a5c   0x0000006c   Code   RO         3913    i.USART_Configuration  usart.o
    0x08001ac8   0x00000088   Code   RO         3914    i.USART_GPIO_Configuration  usart.o
    0x08001b50   0x0000001a   Code   RO         3552    i.USART_GetFlagStatus  stm32f4xx_usart.o
    0x08001b6a   0x00000054   Code   RO         3553    i.USART_GetITStatus  stm32f4xx_usart.o
    0x08001bbe   0x0000004a   Code   RO         3555    i.USART_ITConfig    stm32f4xx_usart.o
    0x08001c08   0x000000d4   Code   RO         3556    i.USART_Init        stm32f4xx_usart.o
    0x08001cdc   0x0000000c   Code   RO         3915    i.USART_Initialize  usart.o
    0x08001ce8   0x0000000a   Code   RO         3563    i.USART_ReceiveData  stm32f4xx_usart.o
    0x08001cf2   0x00000008   Code   RO         3566    i.USART_SendData    stm32f4xx_usart.o
    0x08001cfa   0x00000004   Code   RO         4183    i.UsageFault_Handler  stm32f4xx_it.o
    0x08001cfe   0x0000003c   Code   RO         4465    i.Vector_Rotation   math.o
    0x08001d3a   0x00000002   PAD
    0x08001d3c   0x00000020   Code   RO         5028    i.__0printf         mc_w.l(printfa.o)
    0x08001d5c   0x00000030   Code   RO         5110    i.__ARM_fpclassify  m_wm.l(fpclassify.o)
    0x08001d8c   0x00000026   Code   RO         5112    i.__ARM_fpclassifyf  m_wm.l(fpclassifyf.o)
    0x08001db2   0x00000006   PAD
    0x08001db8   0x00000360   Code   RO         4762    i.__hardfp_asin     m_wm.l(asin.o)
    0x08002118   0x00000250   Code   RO         4776    i.__hardfp_atan2f   m_wm.l(atan2f.o)
    0x08002368   0x000000f8   Code   RO         5128    i.__kernel_poly     m_wm.l(poly.o)
    0x08002460   0x00000014   Code   RO         5091    i.__mathlib_dbl_infnan  m_wm.l(dunder.o)
    0x08002474   0x00000004   PAD
    0x08002478   0x00000020   Code   RO         5093    i.__mathlib_dbl_invalid  m_wm.l(dunder.o)
    0x08002498   0x00000020   Code   RO         5096    i.__mathlib_dbl_underflow  m_wm.l(dunder.o)
    0x080024b8   0x00000006   Code   RO         5116    i.__mathlib_flt_infnan2  m_wm.l(funder.o)
    0x080024be   0x00000002   PAD
    0x080024c0   0x00000010   Code   RO         5120    i.__mathlib_flt_underflow  m_wm.l(funder.o)
    0x080024d0   0x0000000e   Code   RO         5199    i.__scatterload_copy  mc_w.l(handlers.o)
    0x080024de   0x00000002   Code   RO         5200    i.__scatterload_null  mc_w.l(handlers.o)
    0x080024e0   0x0000000e   Code   RO         5201    i.__scatterload_zeroinit  mc_w.l(handlers.o)
    0x080024ee   0x00000002   PAD
    0x080024f0   0x0000000c   Code   RO         5165    i.__set_errno       mc_w.l(errno.o)
    0x080024fc   0x00000184   Code   RO         5035    i._fp_digits        mc_w.l(printfa.o)
    0x08002680   0x000006dc   Code   RO         5036    i._printf_core      mc_w.l(printfa.o)
    0x08002d5c   0x00000024   Code   RO         5037    i._printf_post_padding  mc_w.l(printfa.o)
    0x08002d80   0x0000002e   Code   RO         5038    i._printf_pre_padding  mc_w.l(printfa.o)
    0x08002dae   0x00000002   PAD
    0x08002db0   0x00000040   Code   RO         4323    i.f_add             os.o
    0x08002df0   0x00000030   Code   RO         4324    i.f_kill            os.o
    0x08002e20   0x00000018   Code   RO         5106    i.fabs              m_wm.l(fabs.o)
    0x08002e38   0x00000024   Code   RO         3917    i.fputc             usart.o
    0x08002e5c   0x00000050   Code   RO         5056    i.free              mc_w.l(malloc.o)
    0x08002eac   0x0000005c   Code   RO         4382    i.get_Erro          motion.o
    0x08002f08   0x0000004c   Code   RO         4383    i.get_b             motion.o
    0x08002f54   0x00000040   Code   RO         3992    i.hearByte          i2c.o
    0x08002f94   0x00000034   Code   RO         3994    i.iic_Init          i2c.o
    0x08002fc8   0x00000048   Code   RO         3995    i.iic_NoAck         i2c.o
    0x08003010   0x00000064   Code   RO         3996    i.iic_ReadByte      i2c.o
    0x08003074   0x00000050   Code   RO         3997    i.iic_Start         i2c.o
    0x080030c4   0x00000058   Code   RO         3998    i.iic_Stop          i2c.o
    0x0800311c   0x0000006c   Code   RO         3999    i.iic_WaitAck       i2c.o
    0x08003188   0x00000068   Code   RO         4000    i.iic_WriteByte     i2c.o
    0x080031f0   0x00000090   Code   RO         4103    i.main              main.o
    0x08003280   0x0000006c   Code   RO         5057    i.malloc            mc_w.l(malloc.o)
    0x080032ec   0x00000244   Code   RO         4268    i.mpu9150_Adjust_Val  mpu.o
    0x08003530   0x0000004a   Code   RO         4269    i.mpu9150_Init      mpu.o
    0x0800357a   0x00000002   PAD
    0x0800357c   0x000000fc   Code   RO         4270    i.mpu9150_RawData   mpu.o
    0x08003678   0x000000dc   Code   RO         4271    i.mpu9150_Read      mpu.o
    0x08003754   0x0000004c   Code   RO         4325    i.os_run            os.o
    0x080037a0   0x00000078   Code   RO         4326    i.os_start          os.o
    0x08003818   0x00000032   Code   RO         4002    i.setByte           i2c.o
    0x0800384a   0x0000006e   Code   RO         5132    i.sqrt              m_wm.l(sqrt_full.o)
    0x080038b8   0x00000054   Code   RO         4327    i.tim_1ms           os.o
    0x0800390c   0x00000156   Code   RO         4384    i.update_mat        motion.o
    0x08003a62   0x00000198   Code   RO         4385    i.update_q          motion.o
    0x08003bfa   0x00000096   Code   RO         4386    i.w_adjust          motion.o
    0x08003c90   0x00000018   Data   RO         4272    .constdata          mpu.o
    0x08003ca8   0x00000804   Data   RO         4739    .constdata          arm_cortexM4lf_math.lib(arm_common_tables.o)
    0x080044ac   0x00000004   PAD
    0x080044b0   0x00000050   Data   RO         4765    .constdata          m_wm.l(asin.o)
    0x08004500   0x00000020   Data   RO         5197    Region$$Table       anon$$obj.o


    Execution Region RW_IRAM1 (Base: 0x20000000, Size: 0x000007e8, Max: 0x00020000, ABSOLUTE)

    Base Addr    Size         Type   Attr      Idx    E Section Name        Object

    0x20000000   0x00000010   Data   RW         1910    .data               stm32f4xx_rcc.o
    0x20000010   0x00000014   Data   RW         3806    .data               system_stm32f4xx.o
    0x20000024   0x00000004   Data   RW         4184    .data               stm32f4xx_it.o
    0x20000028   0x00000010   Data   RW         4387    .data               motion.o
    0x20000038   0x00000008   Data   RW         4466    .data               math.o
    0x20000040   0x00000004   Data   RW         5156    .data               mc_w.l(stdout.o)
    0x20000044   0x00000004   Data   RW         5161    .data               mc_w.l(mvars.o)
    0x20000048   0x00000004   Data   RW         5162    .data               mc_w.l(mvars.o)
    0x2000004c   0x00000004   Data   RW         5166    .data               mc_w.l(errno.o)
    0x20000050   0x000000f8   Zero   RW         4104    .bss                main.o
    0x20000148   0x000000a0   Zero   RW         4328    .bss                os.o
    0x200001e8   0x00000200   Zero   RW            2    HEAP                startup_stm32f40_41xxx.o
    0x200003e8   0x00000400   Zero   RW            1    STACK               startup_stm32f40_41xxx.o


==============================================================================

Image component sizes


      Code (inc. data)   RO Data    RW Data    ZI Data      Debug   Object Name

       184         16          0          0          0      28535   bsp.o
       762         38          0          0          0       5212   i2c.o
       160         28          0          0        248       2178   main.o
      1474         36          0          8          0       5698   math.o
       120         14          0          0          0     291672   misc.o
      1698         32          0         16          0      19781   motion.o
      1172         26         24          0          0       3645   mpu.o
       392         28          0          0        160       3505   os.o
        36          8        392          0       1536        892   startup_stm32f40_41xxx.o
       232          0          0          0          0       2511   stm32f4xx_gpio.o
       126         10          0          4          0       4927   stm32f4xx_it.o
       328         36          0         16          0       4771   stm32f4xx_rcc.o
       232         28          0          0          0       4383   stm32f4xx_tim.o
       456          8          0          0          0       6227   stm32f4xx_usart.o
       340         32          0         20          0       1841   system_stm32f4xx.o
       324         28          0          0          0       2542   usart.o

    ----------------------------------------------------------------------
      8048        368        448         64       1944     388320   Object Totals
         0          0         32          0          0          0   (incl. Generated)
        12          0          0          0          0          0   (incl. Padding)

    ----------------------------------------------------------------------

      Code (inc. data)   RO Data    RW Data    ZI Data      Debug   Library Member Name

         0          0       2052          0          0       4636   arm_common_tables.o
       120         12          0          0          0      16970   arm_cos_f32.o
         8          0          0          0          0        843   arm_mat_init_f32.o
       316          4          0          0          0       1627   arm_mat_mult_f32.o
       204          6          0          0          0        912   arm_power_f32.o
       116         12          0          0          0        658   arm_sin_f32.o
       864         94         80          0          0        280   asin.o
       592         90          0          0          0        184   atan2f.o
        84         16          0          0          0        372   dunder.o
        24          0          0          0          0        124   fabs.o
        48          0          0          0          0        124   fpclassify.o
        38          0          0          0          0        116   fpclassifyf.o
        22          6          0          0          0        232   funder.o
       248          0          0          0          0        152   poly.o
       110          0          0          0          0        148   sqrt_full.o
         0          0          0          0          0          0   entry.o
         0          0          0          0          0          0   entry10a.o
         0          0          0          0          0          0   entry11a.o
         8          4          0          0          0          0   entry2.o
         4          0          0          0          0          0   entry5.o
         0          0          0          0          0          0   entry7b.o
         0          0          0          0          0          0   entry8b.o
         8          4          0          0          0          0   entry9a.o
        12          6          0          4          0         68   errno.o
        30          0          0          0          0          0   handlers.o
        36          8          0          0          0         68   init.o
         0          0          0          0          0          0   iusefp.o
        30          0          0          0          0         68   llshl.o
        36          0          0          0          0         68   llsshr.o
        32          0          0          0          0         68   llushr.o
       188         20          0          0          0        160   malloc.o
        36          0          0          0          0         68   memcpya.o
         0          0          0          8          0          0   mvars.o
      2258         90          0          0          0        452   printfa.o
         0          0          0          4          0          0   stdout.o
        44          0          0          0          0         80   uidiv.o
        98          0          0          0          0         92   uldiv.o
        48          0          0          0          0         68   cdrcmple.o
        56          0          0          0          0         88   d2f.o
       334          0          0          0          0        148   dadd.o
       222          0          0          0          0        100   ddiv.o
       186          0          0          0          0        176   depilogue.o
        48          0          0          0          0         68   dfixul.o
       228          0          0          0          0         96   dmul.o
       162          0          0          0          0        100   dsqrt.o
        38          0          0          0          0         68   f2d.o
       110          0          0          0          0        168   fepilogue.o

    ----------------------------------------------------------------------
      7064        372       2136         16          0      29650   Library Totals
        18          0          4          0          0          0   (incl. Padding)

    ----------------------------------------------------------------------

      Code (inc. data)   RO Data    RW Data    ZI Data      Debug   Library Name

       764         34       2052          0          0      25646   arm_cortexM4lf_math.lib
      2030        206         80          0          0       1732   m_wm.l
      2820        132          0         16          0       1192   mc_w.l
      1432          0          0          0          0       1080   mf_w.l

    ----------------------------------------------------------------------
      7064        372       2136         16          0      29650   Library Totals

    ----------------------------------------------------------------------

==============================================================================


      Code (inc. data)   RO Data    RW Data    ZI Data      Debug   

     15112        740       2584         80       1944     408830   Grand Totals
     15112        740       2584         80       1944     408830   ELF Image Totals
     15112        740       2584         80          0          0   ROM Totals

==============================================================================

    Total RO  Size (Code + RO Data)                17696 (  17.28kB)
    Total RW  Size (RW Data + ZI Data)              2024 (   1.98kB)
    Total ROM Size (Code + RO Data + RW Data)      17776 (  17.36kB)

==============================================================================

